Archive member included because of file (symbol)

C:\fehqt\Proteus/EWL/lib/armv7e-m\libc.a(sprintf.o)
                              Libraries\FEHLCD.o (sprintf)
C:\fehqt\Proteus/EWL/lib/armv7e-m\libc.a(vsnprintf.o)
                              C:\fehqt\Proteus/EWL/lib/armv7e-m\libc.a(sprintf.o) (vsnprintf)
C:\fehqt\Proteus/EWL/lib/armv7e-m\libc.a(exit.o)
                              Startup\__arm_start.o (exit)
C:\fehqt\Proteus/EWL/lib/armv7e-m\libc.a(rand.o)
                              ..\main.o (rand)
C:\fehqt\Proteus/EWL/lib/armv7e-m\libc.a(memcpy.o)
                              C:\fehqt\Proteus/EWL/lib/armv7e-m\libc.a(vsnprintf.o) (memcpy)
C:\fehqt\Proteus/EWL/lib/armv7e-m\libc.a(memset.o)
                              Startup\__arm_start.o (memset)
C:\fehqt\Proteus/EWL/lib/armv7e-m\libc.a(strcmp.o)
                              Libraries\FEHLCD.o (strcmp)
C:\fehqt\Proteus/EWL/lib/armv7e-m\libc.a(strcpy.o)
                              Libraries\FEHLCD.o (strcpy)
C:\fehqt\Proteus/EWL/lib/armv7e-m\libc.a(strlen.o)
                              Libraries\FEHLCD.o (strlen)
C:\fehqt\Proteus/EWL/lib/armv7e-m\libc.a(printformat_.o)
                              (__pformatter_)
C:\fehqt\Proteus/EWL/lib/armv7e-m\libc.a(scanformat_.o)
                              (__sformatter)
C:\fehqt\Proteus/EWL/lib/armv7e-m\libc.a(ctype_aeabi.o)
                              C:\fehqt\Proteus/EWL/lib/armv7e-m\libc.a(scanformat_.o) (isspace)
C:\fehqt\Proteus/EWL/lib/armv7e-m\libc.a(__strtoul.o)
                              C:\fehqt\Proteus/EWL/lib/armv7e-m\libc.a(scanformat_.o) (__strtoul)
C:\fehqt\Proteus/EWL/lib/armv7e-m\libc.a(__filll_mem.o)
                              C:\fehqt\Proteus/EWL/lib/armv7e-m\libc.a(memset.o) (__fill_mem)
C:\fehqt\Proteus/EWL/lib/armv7e-m\libc.a(memchr.o)
                              C:\fehqt\Proteus/EWL/lib/armv7e-m\libc.a(printformat_.o) (memchr)
C:\fehqt\Proteus/EWL/lib/armv7e-m\libc.a(strchr.o)
                              C:\fehqt\Proteus/EWL/lib/armv7e-m\libc.a(printformat_.o) (strchr)
c:/fehqt/proteus/gcc/bin/../lib/gcc/arm-none-eabi/4.6.2/armv7e-m\libgcc.a(_arm_addsubdf3.o)
                              Libraries\FEHLCD.o (__aeabi_dsub)
c:/fehqt/proteus/gcc/bin/../lib/gcc/arm-none-eabi/4.6.2/armv7e-m\libgcc.a(_arm_muldivdf3.o)
                              ..\main.o (__aeabi_dmul)
c:/fehqt/proteus/gcc/bin/../lib/gcc/arm-none-eabi/4.6.2/armv7e-m\libgcc.a(_arm_cmpdf2.o)
                              Drivers\ff.o (__aeabi_dcmplt)
c:/fehqt/proteus/gcc/bin/../lib/gcc/arm-none-eabi/4.6.2/armv7e-m\libgcc.a(_arm_fixdfsi.o)
                              Libraries\FEHMotor.o (__aeabi_d2iz)
c:/fehqt/proteus/gcc/bin/../lib/gcc/arm-none-eabi/4.6.2/armv7e-m\libgcc.a(_arm_fixunsdfsi.o)
                              ..\main.o (__aeabi_d2uiz)
c:/fehqt/proteus/gcc/bin/../lib/gcc/arm-none-eabi/4.6.2/armv7e-m\libgcc.a(_arm_truncdfsf2.o)
                              ..\main.o (__aeabi_d2f)
c:/fehqt/proteus/gcc/bin/../lib/gcc/arm-none-eabi/4.6.2/armv7e-m\libgcc.a(_arm_addsubsf3.o)
                              Libraries\FEHLCD.o (__aeabi_fsub)
c:/fehqt/proteus/gcc/bin/../lib/gcc/arm-none-eabi/4.6.2/armv7e-m\libgcc.a(_arm_muldivsf3.o)
                              Drivers\mcg.o (__aeabi_fmul)
c:/fehqt/proteus/gcc/bin/../lib/gcc/arm-none-eabi/4.6.2/armv7e-m\libgcc.a(_arm_cmpsf2.o)
                              Libraries\FEHServo.o (__aeabi_fcmpeq)
c:/fehqt/proteus/gcc/bin/../lib/gcc/arm-none-eabi/4.6.2/armv7e-m\libgcc.a(_arm_fixsfsi.o)
                              Libraries\FEHLCD.o (__aeabi_f2iz)
c:/fehqt/proteus/gcc/bin/../lib/gcc/arm-none-eabi/4.6.2/armv7e-m\libgcc.a(_arm_fixunssfsi.o)
                              Drivers\mcg.o (__aeabi_f2uiz)
C:\fehqt\Proteus/EWL/lib/armv7e-m\librt.a(gcc_ctor_dtor.o)
                              Startup\__arm_start.o (__init_cpp)
C:\fehqt\Proteus/EWL/lib/armv7e-m\librt.a(ROMCopy.o)
                              Startup\__arm_start.o (__copy_rom_sections_to_ram)
C:\fehqt\Proteus/EWL/lib/armv7e-m\librt.a(__arm_eabi_init.o)
                              C:\fehqt\Proteus/EWL/lib/armv7e-m\libc.a(exit.o) (__destroy_global_chain)
C:\fehqt\Proteus/EWL/lib/armv7e-m\librt.a(New.o)
                              Libraries\FEHIO.o (operator new(unsigned int))
c:/fehqt/proteus/gcc/bin/../lib/gcc/arm-none-eabi/4.6.2/../../../../arm-none-eabi/lib/armv7e-m\libsupc++.a(class_type_info.o)
                              C:\fehqt\Proteus/EWL/lib/armv7e-m\librt.a(New.o) (vtable for __cxxabiv1::__class_type_info)
c:/fehqt/proteus/gcc/bin/../lib/gcc/arm-none-eabi/4.6.2/../../../../arm-none-eabi/lib/armv7e-m\libsupc++.a(eh_alloc.o)
                              C:\fehqt\Proteus/EWL/lib/armv7e-m\librt.a(New.o) (__cxa_allocate_exception)
c:/fehqt/proteus/gcc/bin/../lib/gcc/arm-none-eabi/4.6.2/../../../../arm-none-eabi/lib/armv7e-m\libsupc++.a(eh_arm.o)
                              C:\fehqt\Proteus/EWL/lib/armv7e-m\librt.a(New.o) (__cxa_end_cleanup)
[...]
Memory Configuration

Name             Origin             Length             Attributes
m_interrupts     0x0000c000         0x00000400         xr
m_cfmprotrom     0x0000c400         0x00000010         xr
m_text           0x0000c410         0x00073bf0         xr
m_data           0x1fff0400         0x0000fc00         xrw
m_data2          0x20000000         0x00010000         xrw
*default*        0x00000000         0xffffffff

Linker script and memory map

LOAD ..\main.o
LOAD Startup\__arm_start.o
LOAD Startup\__arm_end.o
LOAD Startup\kinetis_sysinit.o
LOAD Libraries\FEHMotor.o
LOAD Drivers\mcg.o
LOAD Drivers\i2c.o
LOAD Drivers\spi.o
LOAD Drivers\uart.o
LOAD Drivers\ff.o
LOAD Drivers\SDHC.o
LOAD Drivers\lptmr.o
LOAD FEHProteus.o
LOAD Drivers\FEHPropeller.o
LOAD Libraries\FEHUtility.o
LOAD Libraries\FEHIO.o
LOAD Drivers\adc16.o
LOAD Libraries\FEHBuzzer.o
LOAD Libraries\FEHServo.o
LOAD Libraries\FEHLCD.o
LOAD Libraries\FEHAccel.o
LOAD Libraries\FEHBattery.o
LOAD Drivers\FEHXBee.o
LOAD Libraries\FEHRPS.o
LOAD Libraries\FEHSD.o
                0x00016ac8                __pformatter = __pformatter_
                [0x00016ec0]                __sformatter = __sformatter
LOAD C:\fehqt\Proteus/EWL/lib/armv7e-m\libstdc++.a
LOAD C:\fehqt\Proteus/EWL/lib/armv7e-m\libm.a
START GROUP
LOAD C:\fehqt\Proteus/EWL/lib/armv7e-m\libc.a
LOAD C:\fehqt\Proteus/EWL/lib/armv7e-m\libc++.a
LOAD C:\fehqt\Proteus/EWL/lib/armv7e-m\libm.a
LOAD c:/fehqt/proteus/gcc/bin/../lib/gcc/arm-none-eabi/4.6.2/armv7e-m\libgcc.a
LOAD C:\fehqt\Proteus/EWL/lib/armv7e-m\librt.a
LOAD c:/fehqt/proteus/gcc/bin/../lib/gcc/arm-none-eabi/4.6.2/../../../../arm-none-eabi/lib/armv7e-m\libsupc++.a
END GROUP
                0x20000000                _estack = 0x20000000
                0x20000000                __SP_INIT = _estack
                0x00000800                __heap_size = 0x800
                0x00000800                __stack_size = 0x800

.interrupts     0x0000c000      0x1e0
                0x0000c000                __vector_table = .
                0x0000c000                . = ALIGN (0x4)
 *(.vectortable)
 .vectortable   0x0000c000      0x1e0 Startup\kinetis_sysinit.o
                0x0000c1e0                . = ALIGN (0x4)

.cfmprotect     0x0000c400        0x0
                0x0000c400                . = ALIGN (0x4)
 *(.cfmconfig)
                0x0000c400                . = ALIGN (0x4)

.text           0x0000c410     0xbb28
                0x0000c410                . = ALIGN (0x4)
 *(.text)
 .text          0x0000c410      0x370 c:/fehqt/proteus/gcc/bin/../lib/gcc/arm-none-eabi/4.6.2/armv7e-m\libgcc.a(_arm_addsubdf3.o)
                0x0000c410                __aeabi_drsub
                0x0000c418                __aeabi_dsub
                0x0000c418                __subdf3
                0x0000c41c                __aeabi_dadd
                0x0000c41c                __adddf3
                0x0000c694                __floatunsidf
                0x0000c694                __aeabi_ui2d
                0x0000c6b4                __floatsidf
                0x0000c6b4                __aeabi_i2d
                0x0000c6d8                __aeabi_f2d
                0x0000c6d8                __extendsfdf2
                0x0000c714                __floatundidf
                0x0000c714                __aeabi_ul2d
                0x0000c724                __floatdidf
                0x0000c724                __aeabi_l2d
 .text          0x0000c780      0x424 c:/fehqt/proteus/gcc/bin/../lib/gcc/arm-none-eabi/4.6.2/armv7e-m\libgcc.a(_arm_muldivdf3.o)
                0x0000c780                __aeabi_dmul
                0x0000c780                __muldf3
                0x0000c9d4                __divdf3
                0x0000c9d4                __aeabi_ddiv
 .text          0x0000cba4       0x40 c:/fehqt/proteus/gcc/bin/../lib/gcc/arm-none-eabi/4.6.2/armv7e-m\libgcc.a(_arm_fixunsdfsi.o)
                0x0000cba4                __aeabi_d2uiz
                0x0000cba4                __fixunsdfsi
 .text          0x0000cbe4       0xa0 c:/fehqt/proteus/gcc/bin/../lib/gcc/arm-none-eabi/4.6.2/armv7e-m\libgcc.a(_arm_truncdfsf2.o)
                0x0000cbe4                __truncdfsf2
                0x0000cbe4                __aeabi_d2f
 .text          0x0000cc84      0x21c c:/fehqt/proteus/gcc/bin/../lib/gcc/arm-none-eabi/4.6.2/armv7e-m\libgcc.a(_arm_addsubsf3.o)
                0x0000cc84                __aeabi_frsub
                0x0000cc8c                __subsf3
                0x0000cc8c                __aeabi_fsub
                0x0000cc90                __aeabi_fadd
                0x0000cc90                __addsf3
                0x0000cdf0                __aeabi_ui2f
                0x0000cdf0                __floatunsisf
                0x0000cdf8                __aeabi_i2f
                0x0000cdf8                __floatsisf
                0x0000ce14                __aeabi_ul2f
                0x0000ce14                __floatundisf
                0x0000ce24                __aeabi_l2f
                0x0000ce24                __floatdisf
 .text          0x0000cea0      0x2a0 c:/fehqt/proteus/gcc/bin/../lib/gcc/arm-none-eabi/4.6.2/armv7e-m\libgcc.a(_arm_muldivsf3.o)
                0x0000cea0                __mulsf3
                0x0000cea0                __aeabi_fmul
                0x0000d008                __aeabi_fdiv
                0x0000d008                __divsf3
 .text          0x0000d140       0xec c:/fehqt/proteus/gcc/bin/../lib/gcc/arm-none-eabi/4.6.2/armv7e-m\libgcc.a(_arm_cmpsf2.o)
                0x0000d140                __gesf2
                0x0000d140                __gtsf2
                0x0000d148                __lesf2
                0x0000d148                __ltsf2
                0x0000d150                __nesf2
                0x0000d150                __eqsf2
                0x0000d150                __cmpsf2
                0x0000d1b0                __aeabi_cfrcmple
                0x0000d1b8                __aeabi_cfcmpeq
                0x0000d1b8                __aeabi_cfcmple
                0x0000d1c8                __aeabi_fcmpeq
                0x0000d1dc                __aeabi_fcmplt
                0x0000d1f0                __aeabi_fcmple
                0x0000d204                __aeabi_fcmpge
                0x0000d218                __aeabi_fcmpgt
 .text          0x0000d22c       0x4c c:/fehqt/proteus/gcc/bin/../lib/gcc/arm-none-eabi/4.6.2/armv7e-m\libgcc.a(_arm_fixsfsi.o)
                0x0000d22c                __aeabi_f2iz
                0x0000d22c                __fixsfsi
 *(.text*)
 .text.main     0x0000d278       0x78 ..\main.o
                0x0000d278                main
 .text._ZN5StatsC2Ev
                0x0000d2f0       0x38 ..\main.o
                0x0000d2f0                Stats::Stats()
                0x0000d2f0                Stats::Stats()
 .text._ZN5Stats15CumulativeScoreEi
                0x0000d328       0x20 ..\main.o
                0x0000d328                Stats::CumulativeScore(int)
 .text._ZN5Stats9HighScoreEi
                0x0000d348       0x24 ..\main.o
                0x0000d348                Stats::HighScore(int)
 .text._ZN5Stats9JukeCountEi
                0x0000d36c       0x20 ..\main.o
                0x0000d36c                Stats::JukeCount(int)
 .text._ZN5Stats9JumpCountEi
                0x0000d38c       0x20 ..\main.o
                0x0000d38c                Stats::JumpCount(int)
 .text._ZN5Stats9StatsDispEv
                0x0000d3ac      0x14c ..\main.o
                0x0000d3ac                Stats::StatsDisp()
 .text._Z8MainMenuv
                0x0000d4f8      0x6c0 ..\main.o
                0x0000d4f8                MainMenu()
 .text._Z8PlayGame5Stats
                0x0000dbb8      0xb80 ..\main.o
                0x0000dbb8                PlayGame(Stats)
 .text._Z9DrawFrameiiiiiii
                0x0000e738      0x28c ..\main.o
                0x0000e738                DrawFrame(int, int, int, int, int, int, int)
 .text._Z8ClearLCDiiiiiii
                0x0000e9c4      0x24c ..\main.o
                0x0000e9c4                ClearLCD(int, int, int, int, int, int, int)
 .text._Z16InstructionsDispv
                0x0000ec10      0x12c ..\main.o
                0x0000ec10                InstructionsDisp()
 .text._Z11CreditsDispv
                0x0000ed3c       0x98 ..\main.o
                0x0000ed3c                CreditsDisp()
 .text._Z9DrawDinoRii
                0x0000edd4      0x35c ..\main.o
                0x0000edd4                DrawDinoR(int, int)
 .text._Z9DrawDinoLii
                0x0000f130      0x354 ..\main.o
                0x0000f130                DrawDinoL(int, int)
 .text._Z9DrawDinoJii
                0x0000f484      0x378 ..\main.o
                0x0000f484                DrawDinoJ(int, int)
 .text._Z9DrawDinoCii
                0x0000f7fc      0x420 ..\main.o
                0x0000f7fc                DrawDinoC(int, int)
 .text._Z10DrawBigObsii
                0x0000fc1c      0x198 ..\main.o
                0x0000fc1c                DrawBigObs(int, int)
 .text._Z11Draw2BigObsii
                0x0000fdb4      0x328 ..\main.o
                0x0000fdb4                Draw2BigObs(int, int)
 .text._Z12DrawSmallObsii
                0x000100dc      0x138 ..\main.o
                0x000100dc                DrawSmallObs(int, int)
 .text._Z13Draw2SmallObsii
                0x00010214      0x264 ..\main.o
                0x00010214                Draw2SmallObs(int, int)
 .text._Z15DrawBigSmallObsii
                0x00010478      0x2c4 ..\main.o
                0x00010478                DrawBigSmallObs(int, int)
 .text._Z15DrawPterodactylii
                0x0001073c      0x268 ..\main.o
                0x0001073c                DrawPterodactyl(int, int)
 .text.zero_fill_bss
                0x000109a4       0x34 Startup\__arm_start.o
 .text.__thumb_startup
                0x000109d8       0x34 Startup\__arm_start.o
                0x000109d8                __thumb_startup
 .text.InitFEHProteus
                0x00010a0c      0x15c Startup\__arm_start.o
                0x00010a0c                InitFEHProteus
 .text.pll_init_bl
                0x00010b68      0x130 Startup\__arm_start.o
 .text.InitPowerButton
                0x00010c98       0x90 Startup\__arm_start.o
                0x00010c98                InitPowerButton
 .text._ExitProcess
                0x00010d28        0xc Startup\__arm_end.o
                0x00010d28                _ExitProcess
 .text.Default_Handler
                0x00010d34        0xc Startup\kinetis_sysinit.o
                0x00010d34                BusFault_Handler()
                0x00010d34                HardFault_Handler()
                0x00010d34                SysTick_Handler()
                0x00010d34                PendSV_Handler()
                0x00010d34                DebugMonitor_Handler()
                0x00010d34                MemManage_Handler()
                0x00010d34                NMI_Handler()
                0x00010d34                SVC_Handler()
                0x00010d34                Default_Handler
                0x00010d34                UsageFault_Handler()
 .text.__init_hardware
                0x00010d40       0x44 Startup\kinetis_sysinit.o
                0x00010d40                __init_hardware
 .text._Z8PortDISRv
                0x00010d84       0x64 Startup\kinetis_sysinit.o
                0x00010d84                PortDISR()
 .text._Z21IIC_StartTransmissionhh
                0x00010de8       0x98 Drivers\i2c.o
                0x00010de8                IIC_StartTransmission(unsigned char, unsigned char)
 .text._Z5Pausev
                0x00010e80       0x34 Drivers\i2c.o
                0x00010e80                Pause()
 .text._Z21MMA8451QWriteRegisterhh
                0x00010eb4      0x12c Drivers\i2c.o
                0x00010eb4                MMA8451QWriteRegister(unsigned char, unsigned char)
 .text._Z12SPI_SendCharh
                0x00010fe0       0x1c Drivers\spi.o
                0x00010fe0                SPI_SendChar(unsigned char)
 .text._Z16SPI_WriteCommandhh
                0x00010ffc       0x34 Drivers\spi.o
                0x00010ffc                SPI_WriteCommand(unsigned char, unsigned char)
 .text._Z11SPI_GetCharv
                0x00011030       0x14 Drivers\spi.o
                0x00011030                SPI_GetChar()
 .text._Z15SPI_ReadCommandh
                0x00011044       0x3c Drivers\spi.o
                0x00011044                SPI_ReadCommand(unsigned char)
 .text._Z13SPI_CS_Assertv
                0x00011080       0x24 Drivers\spi.o
                0x00011080                SPI_CS_Assert()
 .text._Z15SPI_CS_Deassertv
                0x000110a4       0x24 Drivers\spi.o
                0x000110a4                SPI_CS_Deassert()
 .text._Z12SPI_Transferh
                0x000110c8       0x88 Drivers\spi.o
                0x000110c8                SPI_Transfer(unsigned char)
 .text._Z8SPI_Initv
                0x00011150       0xe8 Drivers\spi.o
                0x00011150                SPI_Init()
 .text._Z9uart_initPV11UART_MemMapii
                0x00011238      0x20c Drivers\uart.o
                0x00011238                uart_init(UART_MemMap volatile*, int, int)
 .text._Z12uart_getcharPV11UART_MemMap
                0x00011444       0x34 Drivers\uart.o
                0x00011444                uart_getchar(UART_MemMap volatile*)
 .text._Z12uart_putcharPV11UART_MemMapc
                0x00011478       0x38 Drivers\uart.o
                0x00011478                uart_putchar(UART_MemMap volatile*, char)
 .text._ZL7mem_setPvij
                0x000114b0       0x44 Drivers\ff.o
 .text._ZL11move_windowP5FATFSm
                0x000114f4       0xf0 Drivers\ff.o
 .text._ZL4syncP5FATFS
                0x000115e4      0x188 Drivers\ff.o
 .text._ZL8validateP5FATFSt
                0x0001176c       0x54 Drivers\ff.o
 .text._Z6f_syncP3FIL
                0x000117c0      0x1c0 Drivers\ff.o
                0x000117c0                f_sync(FIL*)
 .text._Z7f_closeP3FIL
                0x00011980       0x2c Drivers\ff.o
                0x00011980                f_close(FIL*)
 .text._ZL17SDHC_set_baudratemm
                0x000119ac      0x14c Drivers\SDHC.o
 .text._Z9SDHC_initP17esdhc_info_structPK17esdhc_init_struct
                0x00011af8      0x1c4 Drivers\SDHC.o
                0x00011af8                SDHC_init(esdhc_info_struct*, esdhc_init_struct const*)
 .text._ZL15SDHC_is_runningv
                0x00011cbc       0x28 Drivers\SDHC.o
 .text._ZL16SDHC_status_waitm
                0x00011ce4       0x38 Drivers\SDHC.o
 .text._ZL17SDHC_send_commandP20esdhc_command_struct
                0x00011d1c      0x2a0 Drivers\SDHC.o
 .text._Z10SDHC_ioctlmPv
                0x00011fbc      0x978 Drivers\SDHC.o
                0x00011fbc                SDHC_ioctl(unsigned long, void*)
 .text._ZL14rcvr_datablockPhm
                0x00012934      0x134 Drivers\SDHC.o
 .text._Z9disk_readhPhmh
                0x00012a68      0x13c Drivers\SDHC.o
                0x00012a68                disk_read(unsigned char, unsigned char*, unsigned long, unsigned char)
 .text._ZL14xmit_datablockPKhm
                0x00012ba4       0xe0 Drivers\SDHC.o
 .text._Z10disk_writehPKhmh
                0x00012c84      0x1cc Drivers\SDHC.o
                0x00012c84                disk_write(unsigned char, unsigned char const*, unsigned long, unsigned char)
 .text._Z10disk_ioctlhhPv
                0x00012e50      0x128 Drivers\SDHC.o
                0x00012e50                disk_ioctl(unsigned char, unsigned char, void*)
 .text._Z11disk_statush
                0x00012f78       0x30 Drivers\SDHC.o
                0x00012f78                disk_status(unsigned char)
 .text._Z13time_delay_msm
                0x00012fa8       0xa4 Drivers\lptmr.o
                0x00012fa8                time_delay_ms(unsigned long)
 .text._Z41__static_initialization_and_destruction_0ii
                0x0001304c       0x30 FEHProteus.o
 .text._GLOBAL__sub_I_Propeller
                0x0001307c       0x14 FEHProteus.o
 .text._ZN12FEHPropellerC2Ev
                0x00013090       0x20 Drivers\FEHPropeller.o
                0x00013090                FEHPropeller::FEHPropeller()
                0x00013090                FEHPropeller::FEHPropeller()
 .text._ZN12FEHPropeller10InitializeEv
                0x000130b0       0x94 Drivers\FEHPropeller.o
                0x000130b0                FEHPropeller::Initialize()
 .text._ZL5Delaymjj
                0x00013144       0xc4 Libraries\FEHUtility.o
 .text._Z5Sleepi
                0x00013208       0x34 Libraries\FEHUtility.o
                0x00013208                Sleep(int)
 *fill*         0x0001323c        0x4 00
 .text._Z5Sleepd
                0x00013240       0x58 Libraries\FEHUtility.o
                0x00013240                Sleep(double)
 .text._Z7TimeNowv
                0x00013298       0x70 Libraries\FEHUtility.o
                0x00013298                TimeNow()
 .text._Z9portB_isrv
                0x00013308       0xd4 Libraries\FEHIO.o
                0x00013308                portB_isr()
 .text._Z9portC_isrv
                0x000133dc       0xd8 Libraries\FEHIO.o
                0x000133dc                portC_isr()
 .text._Z9portA_isrv
                0x000134b4       0xd8 Libraries\FEHIO.o
                0x000134b4                portA_isr()
 .text._Z9portE_isrv
                0x0001358c       0xd0 Libraries\FEHIO.o
                0x0001358c                portE_isr()
 .text._ZN14AnalogInputPinC2EN5FEHIO8FEHIOPinE
                0x0001365c       0x20 Libraries\FEHIO.o
                0x0001365c                AnalogInputPin::AnalogInputPin(FEHIO::FEHIOPin)
                0x0001365c                AnalogInputPin::AnalogInputPin(FEHIO::FEHIOPin)
 .text._ZN13AnalogEncoder12EncoderValueEv
                0x0001367c       0xe4 Libraries\FEHIO.o
                0x0001367c                AnalogEncoder::EncoderValue()
 .text._ZN14AnalogInputPin8InitADCsEv
                0x00013760      0x120 Libraries\FEHIO.o
                0x00013760                AnalogInputPin::InitADCs()
 .text._Z8pit0_isrv
                0x00013880       0x34 Libraries\FEHIO.o
                0x00013880                pit0_isr()
 .text._ZN13AnalogEncoder4InitEv
                0x000138b4       0x64 Libraries\FEHIO.o
                0x000138b4                AnalogEncoder::Init()
 .text._ZN13AnalogEncoder14SetCounterInitEj
                0x00013918       0x20 Libraries\FEHIO.o
                0x00013918                AnalogEncoder::SetCounterInit(unsigned int)
 .text._ZN13AnalogEncoder10ProcessIntEv
                0x00013938       0x80 Libraries\FEHIO.o
                0x00013938                AnalogEncoder::ProcessInt()
 .text._ZN13AnalogEncoder14ProcessIntSelfEv
                0x000139b8       0x80 Libraries\FEHIO.o
                0x000139b8                AnalogEncoder::ProcessIntSelf()
 .text._Z7ADC_CalPV10ADC_MemMap
                0x00013a38      0x14c Drivers\adc16.o
                0x00013a38                ADC_Cal(ADC_MemMap volatile*)
 .text._Z14ADC_Config_AltPV10ADC_MemMapP7adc_cfg
                0x00013b84       0x6c Drivers\adc16.o
                0x00013b84                ADC_Config_Alt(ADC_MemMap volatile*, adc_cfg*)
 .text._ZN9FEHBuzzer4ToneEii
                0x00013bf0       0xa8 Libraries\FEHBuzzer.o
                0x00013bf0                FEHBuzzer::Tone(int, int)
 .text._ZN9FEHBuzzer4ToneENS_7stdnoteEi
                0x00013c98       0x24 Libraries\FEHBuzzer.o
                0x00013c98                FEHBuzzer::Tone(FEHBuzzer::stdnote, int)
 .text._ZN9FEHBuzzerC2Ev
                0x00013cbc       0x18 Libraries\FEHBuzzer.o
                0x00013cbc                FEHBuzzer::FEHBuzzer()
                0x00013cbc                FEHBuzzer::FEHBuzzer()
 .text._Z41__static_initialization_and_destruction_0ii
                0x00013cd4       0x30 Libraries\FEHBuzzer.o
 .text._GLOBAL__sub_I_Buzzer
                0x00013d04       0x14 Libraries\FEHBuzzer.o
 .text._ZN6FEHLCD11_InitializeEv
                0x00013d18      0x5dc Libraries\FEHLCD.o
                0x00013d18                FEHLCD::_Initialize()
 .text._ZN6FEHLCDC2Ev
                0x000142f4       0x64 Libraries\FEHLCD.o
                0x000142f4                FEHLCD::FEHLCD()
                0x000142f4                FEHLCD::FEHLCD()
 .text._ZN6FEHLCD10InitializeEv
                0x00014358       0x38 Libraries\FEHLCD.o
                0x00014358                FEHLCD::Initialize()
 .text._ZN6FEHLCD10PrintImageEii
                0x00014390      0x100 Libraries\FEHLCD.o
                0x00014390                FEHLCD::PrintImage(int, int)
 .text._ZN6FEHLCD9PrintLogoEii
                0x00014490      0x100 Libraries\FEHLCD.o
                0x00014490                FEHLCD::PrintLogo(int, int)
 .text._ZN6FEHLCD22ConvertFEHColorTo24BitENS_11FEHLCDColorE
                0x00014590       0x80 Libraries\FEHLCD.o
                0x00014590                FEHLCD::ConvertFEHColorTo24Bit(FEHLCD::FEHLCDColor)
 .text._ZN6FEHLCD24Convert24BitColorTo16BitEj
                0x00014610       0x40 Libraries\FEHLCD.o
                0x00014610                FEHLCD::Convert24BitColorTo16Bit(unsigned int)
 .text._ZN6FEHLCD22ConvertRGBColorTo16BitEhhh
                0x00014650       0x44 Libraries\FEHLCD.o
                0x00014650                FEHLCD::ConvertRGBColorTo16Bit(unsigned char, unsigned char, unsigned char)
 .text._ZN6FEHLCD5ClearENS_11FEHLCDColorE
                0x00014694       0x28 Libraries\FEHLCD.o
                0x00014694                FEHLCD::Clear(FEHLCD::FEHLCDColor)
 .text._ZN6FEHLCD5ClearEj
                0x000146bc       0x2c Libraries\FEHLCD.o
                0x000146bc                FEHLCD::Clear(unsigned int)
 .text._ZN6FEHLCD5ClearEv
                0x000146e8       0x18 Libraries\FEHLCD.o
                0x000146e8                FEHLCD::Clear()
 .text._ZN6FEHLCD18SetBackgroundColorENS_11FEHLCDColorE
                0x00014700       0x28 Libraries\FEHLCD.o
                0x00014700                FEHLCD::SetBackgroundColor(FEHLCD::FEHLCDColor)
 .text._ZN6FEHLCD18SetBackgroundColorEj
                0x00014728       0x28 Libraries\FEHLCD.o
                0x00014728                FEHLCD::SetBackgroundColor(unsigned int)
 .text._ZN6FEHLCD12SetFontColorENS_11FEHLCDColorE
                0x00014750       0x28 Libraries\FEHLCD.o
                0x00014750                FEHLCD::SetFontColor(FEHLCD::FEHLCDColor)
 .text._ZN6FEHLCD12SetFontColorEj
                0x00014778       0x28 Libraries\FEHLCD.o
                0x00014778                FEHLCD::SetFontColor(unsigned int)
 .text._ZN6FEHLCD7WriteAtEPKcii
                0x000147a0       0x58 Libraries\FEHLCD.o
                0x000147a0                FEHLCD::WriteAt(char const*, int, int)
 .text._ZN6FEHLCD7WriteAtEiii
                0x000147f8       0x3c Libraries\FEHLCD.o
                0x000147f8                FEHLCD::WriteAt(int, int, int)
 .text._ZN6FEHLCD7WriteAtEfii
                0x00014834       0xf8 Libraries\FEHLCD.o
                0x00014834                FEHLCD::WriteAt(float, int, int)
 .text._ZN6FEHLCD7WriteAtEbii
                0x0001492c       0x44 Libraries\FEHLCD.o
                0x0001492c                FEHLCD::WriteAt(bool, int, int)
 .text._ZN6FEHLCD11TS_SPI_InitEv
                0x00014970       0xa8 Libraries\FEHLCD.o
                0x00014970                FEHLCD::TS_SPI_Init()
 .text._ZN6FEHLCD5TouchEPfS0_
                0x00014a18      0x240 Libraries\FEHLCD.o
                0x00014a18                FEHLCD::Touch(float*, float*)
 .text._ZN6FEHLCD3absEi
                0x00014c58       0x28 Libraries\FEHLCD.o
                0x00014c58                FEHLCD::abs(int)
 .text._ZN6FEHLCD5WriteEPKc
                0x00014c80       0x5c Libraries\FEHLCD.o
                0x00014c80                FEHLCD::Write(char const*)
 .text._ZN6FEHLCD5WriteEi
                0x00014cdc       0x34 Libraries\FEHLCD.o
                0x00014cdc                FEHLCD::Write(int)
 .text._ZN6FEHLCD9WriteLineEPKc
                0x00014d10       0x28 Libraries\FEHLCD.o
                0x00014d10                FEHLCD::WriteLine(char const*)
 .text._ZN6FEHLCD9WriteLineEi
                0x00014d38       0x28 Libraries\FEHLCD.o
                0x00014d38                FEHLCD::WriteLine(int)
 .text._ZN6FEHLCD10WriteIndexEh
                0x00014d60      0x288 Libraries\FEHLCD.o
                0x00014d60                FEHLCD::WriteIndex(unsigned char)
 .text._ZN6FEHLCD14WriteParameterEh
                0x00014fe8      0x254 Libraries\FEHLCD.o
                0x00014fe8                FEHLCD::WriteParameter(unsigned char)
 .text._ZN6FEHLCD6_ClearEv
                0x0001523c      0x228 Libraries\FEHLCD.o
                0x0001523c                FEHLCD::_Clear()
 .text._ZN6FEHLCD8NextLineEv
                0x00015464       0x30 Libraries\FEHLCD.o
                0x00015464                FEHLCD::NextLine()
 .text._ZN6FEHLCD9CheckLineEv
                0x00015494       0x2c Libraries\FEHLCD.o
                0x00015494                FEHLCD::CheckLine()
 .text._ZN6FEHLCD8NextCharEv
                0x000154c0       0x34 Libraries\FEHLCD.o
                0x000154c0                FEHLCD::NextChar()
 .text._ZN6FEHLCD9DrawPixelEii
                0x000154f4       0x30 Libraries\FEHLCD.o
                0x000154f4                FEHLCD::DrawPixel(int, int)
 .text._Z4SwapRiS_
                0x00015524       0x28 Libraries\FEHLCD.o
                0x00015524                Swap(int&, int&)
 .text._ZN6FEHLCD18DrawHorizontalLineEiii
                0x0001554c       0x7c Libraries\FEHLCD.o
                0x0001554c                FEHLCD::DrawHorizontalLine(int, int, int)
 .text._ZN6FEHLCD13SetDrawRegionEiiii
                0x000155c8      0x10c Libraries\FEHLCD.o
                0x000155c8                FEHLCD::SetDrawRegion(int, int, int, int)
 .text._ZN6FEHLCD13FillRectangleEiiii
                0x000156d4       0x5c Libraries\FEHLCD.o
                0x000156d4                FEHLCD::FillRectangle(int, int, int, int)
 .text._ZN6FEHLCD9WriteCharEiic
                0x00015730       0x40 Libraries\FEHLCD.o
                0x00015730                FEHLCD::WriteChar(int, int, char)
 .text._ZN6FEHLCD11WriteCharAtEiic
                0x00015770      0x278 Libraries\FEHLCD.o
                0x00015770                FEHLCD::WriteCharAt(int, int, char)
 .text._ZN6FEHLCD11RepeatColorEv
                0x000159e8       0xbc Libraries\FEHLCD.o
                0x000159e8                FEHLCD::RepeatColor()
 .text._ZN6FEHLCD10_ForePixelEv
                0x00015aa4      0x160 Libraries\FEHLCD.o
                0x00015aa4                FEHLCD::_ForePixel()
 .text._ZN6FEHLCD10_BackPixelEv
                0x00015c04      0x160 Libraries\FEHLCD.o
                0x00015c04                FEHLCD::_BackPixel()
 .text._ZN6FEHLCD22SetRegisterColorValuesEv
                0x00015d64      0x4c0 Libraries\FEHLCD.o
                0x00015d64                FEHLCD::SetRegisterColorValues()
 .text._Z41__static_initialization_and_destruction_0ii
                0x00016224       0x30 Libraries\FEHLCD.o
 .text._GLOBAL__sub_I_image
                0x00016254       0x14 Libraries\FEHLCD.o
 .text._ZN8FEHAccelC2Ev
                0x00016268       0x8c Libraries\FEHAccel.o
                0x00016268                FEHAccel::FEHAccel()
                0x00016268                FEHAccel::FEHAccel()
 .text._Z41__static_initialization_and_destruction_0ii
                0x000162f4       0x30 Libraries\FEHAccel.o
 .text._GLOBAL__sub_I_Accel
                0x00016324       0x14 Libraries\FEHAccel.o
 .text._ZN10FEHBatteryC2EN5FEHIO8FEHIOPinE
                0x00016338       0x24 Libraries\FEHBattery.o
                0x00016338                FEHBattery::FEHBattery(FEHIO::FEHIOPin)
                0x00016338                FEHBattery::FEHBattery(FEHIO::FEHIOPin)
 .text._Z41__static_initialization_and_destruction_0ii
                0x0001635c       0x34 Libraries\FEHBattery.o
 .text._GLOBAL__sub_I_Battery
                0x00016390       0x14 Libraries\FEHBattery.o
 .text._ZN7FEHXBeeC2Ev
                0x000163a4       0x20 Drivers\FEHXBee.o
                0x000163a4                FEHXBee::FEHXBee()
                0x000163a4                FEHXBee::FEHXBee()
 .text._ZN7FEHXBee17SetPacketCallBackEPFvPhhE
                0x000163c4       0x20 Drivers\FEHXBee.o
                0x000163c4                FEHXBee::SetPacketCallBack(void (*)(unsigned char*, unsigned char))
 .text._Z9UART0_ISRv
                0x000163e4      0x174 Drivers\FEHXBee.o
                0x000163e4                UART0_ISR()
 .text._ZN6FEHRPSC2Ev
                0x00016558       0x88 Libraries\FEHRPS.o
                0x00016558                FEHRPS::FEHRPS()
                0x00016558                FEHRPS::FEHRPS()
 .text._Z14RPSDataProcessPhh
                0x000165e0      0x164 Libraries\FEHRPS.o
                0x000165e0                RPSDataProcess(unsigned char*, unsigned char)
 .text._Z41__static_initialization_and_destruction_0ii
                0x00016744       0x30 Libraries\FEHRPS.o
 .text._GLOBAL__sub_I_RPS
                0x00016774       0x14 Libraries\FEHRPS.o
 .text._ZN5FEHSDC2Ev
                0x00016788       0x24 Libraries\FEHSD.o
                0x00016788                FEHSD::FEHSD()
                0x00016788                FEHSD::FEHSD()
 .text._ZN5FEHSD8CloseLogEv
                0x000167ac       0x38 Libraries\FEHSD.o
                0x000167ac                FEHSD::CloseLog()
 .text._Z41__static_initialization_and_destruction_0ii
                0x000167e4       0x30 Libraries\FEHSD.o
 .text._GLOBAL__sub_I_SD
                0x00016814       0x14 Libraries\FEHSD.o
 .text.sprintf  0x00016828       0x1c C:\fehqt\Proteus/EWL/lib/armv7e-m\libc.a(sprintf.o)
                0x00016828                sprintf
 .text.__StringWrite
                0x00016844       0x28 C:\fehqt\Proteus/EWL/lib/armv7e-m\libc.a(vsnprintf.o)
                0x00016844                __StringWrite
 .text.vsnprintf
                0x0001686c       0x34 C:\fehqt\Proteus/EWL/lib/armv7e-m\libc.a(vsnprintf.o)
                0x0001686c                vsnprintf
 .text.exit     0x000168a0       0x38 C:\fehqt\Proteus/EWL/lib/armv7e-m\libc.a(exit.o)
                0x000168a0                exit
 .text.rand     0x000168d8       0x20 C:\fehqt\Proteus/EWL/lib/armv7e-m\libc.a(rand.o)
                0x000168d8                rand
 .text.srand    0x000168f8        0xc C:\fehqt\Proteus/EWL/lib/armv7e-m\libc.a(rand.o)
                0x000168f8                srand
 .text.memcpy   0x00016904       0x12 C:\fehqt\Proteus/EWL/lib/armv7e-m\libc.a(memcpy.o)
                0x00016904                memcpy
 .text.memset   0x00016916        0xc C:\fehqt\Proteus/EWL/lib/armv7e-m\libc.a(memset.o)
                0x00016916                memset
 .text.strlen   0x00016922       0x10 C:\fehqt\Proteus/EWL/lib/armv7e-m\libc.a(strlen.o)
                0x00016922                strlen
 .text.long2str.isra.0
                0x00016932      0x196 C:\fehqt\Proteus/EWL/lib/armv7e-m\libc.a(printformat_.o)
 .text.__pformatter_
                0x00016ac8      0x3f8 C:\fehqt\Proteus/EWL/lib/armv7e-m\libc.a(printformat_.o)
                0x00016ac8                __pformatter_
 .text.__sformatter
                0x00016ec0      0x74e C:\fehqt\Proteus/EWL/lib/armv7e-m\libc.a(scanformat_.o)
                0x00016ec0                __sformatter
 *fill*         0x0001760e        0x2 00
 .text.isalpha  0x00017610       0x1c C:\fehqt\Proteus/EWL/lib/armv7e-m\libc.a(ctype_aeabi.o)
                0x00017610                isalpha
 .text.isspace  0x0001762c       0x1c C:\fehqt\Proteus/EWL/lib/armv7e-m\libc.a(ctype_aeabi.o)
                0x0001762c                isspace
 .text.toupper  0x00017648        0xc C:\fehqt\Proteus/EWL/lib/armv7e-m\libc.a(ctype_aeabi.o)
                0x00017648                toupper
 .text.__strtoul
                0x00017654      0x1dc C:\fehqt\Proteus/EWL/lib/armv7e-m\libc.a(__strtoul.o)
                0x00017654                __strtoul
 .text.__fill_mem
                0x00017830       0x76 C:\fehqt\Proteus/EWL/lib/armv7e-m\libc.a(__filll_mem.o)
                0x00017830                __fill_mem
 .text.memchr   0x000178a6       0x1a C:\fehqt\Proteus/EWL/lib/armv7e-m\libc.a(memchr.o)
                0x000178a6                memchr
 .text.strchr   0x000178c0       0x1c C:\fehqt\Proteus/EWL/lib/armv7e-m\libc.a(strchr.o)
                0x000178c0                strchr
 .text.__init_cpp
                0x000178dc       0x4c C:\fehqt\Proteus/EWL/lib/armv7e-m\librt.a(gcc_ctor_dtor.o)
                0x000178dc                __init_cpp
 .text.__fini_cpp
                0x00017928       0x34 C:\fehqt\Proteus/EWL/lib/armv7e-m\librt.a(gcc_ctor_dtor.o)
                0x00017928                __fini_cpp
 .text.__copy_rom_section
                0x0001795c       0x44 C:\fehqt\Proteus/EWL/lib/armv7e-m\librt.a(ROMCopy.o)
                0x0001795c                __copy_rom_section
 .text.__copy_rom_sections_to_ram
                0x000179a0       0x34 C:\fehqt\Proteus/EWL/lib/armv7e-m\librt.a(ROMCopy.o)
                0x000179a0                __copy_rom_sections_to_ram
 .text.__destroy_global_chain
                0x000179d4       0x1c C:\fehqt\Proteus/EWL/lib/armv7e-m\librt.a(__arm_eabi_init.o)
                0x000179d4                __destroy_global_chain
 .text.__init_registers
                0x000179f0       0x20 C:\fehqt\Proteus/EWL/lib/armv7e-m\librt.a(__arm_eabi_init.o)
                0x000179f0                __init_registers
 .text.__init_user
                0x00017a10        0x4 C:\fehqt\Proteus/EWL/lib/armv7e-m\librt.a(__arm_eabi_init.o)
                0x00017a10                __init_user
 *(.rodata)
 .rodata        0x00017a14      0x1c0 ..\main.o
 .rodata        0x00017bd4       0x78 Libraries\FEHIO.o
 .rodata        0x00017c4c       0x34 Libraries\FEHLCD.o
 *(.rodata*)
 .rodata.K60_SDHC0_init
                0x00017c80        0xc Drivers\SDHC.o
                0x00017c80                K60_SDHC0_init
 .rodata._ZL21ESDHC_COMMAND_XFERTYP
                0x00017c8c      0x100 Drivers\SDHC.o
 .rodata._ZL10ADCNumbers
                0x00017d8c       0x24 Libraries\FEHIO.o
 .rodata._ZL16AnalogPinNumbers
                0x00017db0       0x84 Libraries\FEHIO.o
 .rodata.str1.1
                0x00017e34        0x1 C:\fehqt\Proteus/EWL/lib/armv7e-m\libc.a(printformat_.o)
 .rodata.__aeabi_ctype_table_C
                0x00017e35      0x101 C:\fehqt\Proteus/EWL/lib/armv7e-m\libc.a(ctype_aeabi.o)
                0x00017e35                __aeabi_ctype_table_C
 *(.glue_7)
 .glue_7        0x00000000        0x0 linker stubs
 *(.glue_7t)
 .glue_7t       0x00000000        0x0 linker stubs
 *(.eh_frame)
 *(.init)
 *(.fini)
                0x00017f38                . = ALIGN (0x4)
 *fill*         0x00017f36        0x2 00
                0x00017f38                _etext = .

.vfp11_veneer   0x00017f38        0x0
 .vfp11_veneer  0x00000000        0x0 linker stubs

.v4_bx          0x00017f38        0x0
 .v4_bx         0x00000000        0x0 linker stubs

.ARM.extab
 *(.ARM.extab* .gnu.linkonce.armextab.*)

.ARM            0x00017f38        0x0
                0x00017f38                __exidx_start = .
 *(.ARM.exidx*)
                0x00017f38                __exidx_end = .

.ctors          0x00017f38        0x0
                0x00017f38                __CTOR_LIST__ = .
 *crtbegin.o(.ctors)
 *(EXCLUDE_FILE(*crtend.o) .ctors)
 *(SORT(.ctors.*))
 *(.ctors)
                0x00017f38                __CTOR_END__ = .

.dtors          0x00017f38        0x0
                0x00017f38                __DTOR_LIST__ = .
 *crtbegin.o(.dtors)
 *(EXCLUDE_FILE(*crtend.o) .dtors)
 *(SORT(.dtors.*))
 *(.dtors)
                0x00017f38                __DTOR_END__ = .

.preinit_array  0x00017f38        0x0
                0x00017f38                PROVIDE (__preinit_array_start, .)
 *(.preinit_array*)
                0x00017f38                PROVIDE (__preinit_array_end, .)

.init_array     0x00017f38       0x1c
                0x00017f38                PROVIDE (__init_array_start, .)
 *(SORT(.init_array.*))
 *(.init_array*)
 .init_array    0x00017f38        0x4 FEHProteus.o
 .init_array    0x00017f3c        0x4 Libraries\FEHBuzzer.o
 .init_array    0x00017f40        0x4 Libraries\FEHLCD.o
 .init_array    0x00017f44        0x4 Libraries\FEHAccel.o
 .init_array    0x00017f48        0x4 Libraries\FEHBattery.o
 .init_array    0x00017f4c        0x4 Libraries\FEHRPS.o
 .init_array    0x00017f50        0x4 Libraries\FEHSD.o
                0x00017f54                PROVIDE (__init_array_end, .)

.fini_array     0x00017f54        0x0
                0x00017f54                PROVIDE (__fini_array_start, .)
 *(SORT(.fini_array.*))
 *(.fini_array*)
                0x00017f54                PROVIDE (__fini_array_end, .)
                0x00017f54                ___ROM_AT = .

.data           0x1fff0400      0xd20 load address 0x00017f54
                0x1fff0400                . = ALIGN (0x4)
                0x1fff0400                _sdata = .
 *(.data)
 *(.data*)
 .data._ZL4Stat
                0x1fff0400        0x1 Drivers\SDHC.o
 *fill*         0x1fff0401        0x3 00
 .data.image    0x1fff0404      0x750 Libraries\FEHLCD.o
                0x1fff0404                image
 .data.logo     0x1fff0b54      0x3e8 Libraries\FEHLCD.o
                0x1fff0b54                logo
 .data._ZN6FEHLCD8fontDataE
                0x1fff0f3c      0x1e0 Libraries\FEHLCD.o
                0x1fff0f3c                FEHLCD::fontData
 .data.random_next
                0x1fff111c        0x4 C:\fehqt\Proteus/EWL/lib/armv7e-m\libc.a(rand.o)
                0x1fff1120                . = ALIGN (0x4)
                0x1fff1120                _edata = .
                0x00000d20                ___data_size = (_edata - _sdata)
                0x00018c74                ___m_data2_ROMStart = (___ROM_AT + SIZEOF (.data))

.user_data2     0x20000000        0x0 load address 0x00018c74
                0x20000000                . = ALIGN (0x4)
                0x20000000                ___m_data2_RAMStart = .
 *(.data2)
                0x20000000                ___m_data2_RAMEnd = .
                0x20000000                . = ALIGN (0x4)
                0x00000000                ___m_data2_ROMSize = (___m_data2_RAMEnd - ___m_data2_RAMStart)
                0x20000000                . = ALIGN (0x4)

.bss            0x1fff1120      0x5b0 load address 0x00018c74
                0x1fff1120                __START_BSS = .
                0x1fff1120                PROVIDE (__bss_start__, __START_BSS)
 *(.bss)
 *(.bss*)
 .bss._ZL4argv  0x1fff1120        0x4 Startup\__arm_start.o
 .bss.MasterTransmission
                0x1fff1124        0x1 Drivers\i2c.o
                0x1fff1124                MasterTransmission
 .bss.SlaveID   0x1fff1125        0x1 Drivers\i2c.o
                0x1fff1125                SlaveID
 *fill*         0x1fff1126        0x2 00
 .bss.SDHC_Card
                0x1fff1128       0x14 Drivers\SDHC.o
                0x1fff1128                SDHC_Card
 .bss.SDHC_Info
                0x1fff113c      0x204 Drivers\SDHC.o
                0x1fff113c                SDHC_Info
 .bss.SDHC_Device
                0x1fff1340        0x8 Drivers\SDHC.o
                0x1fff1340                SDHC_Device
 .bss.Propeller
                0x1fff1348        0x4 FEHProteus.o
                0x1fff1348                Propeller
 .bss.CoreClockKHz
                0x1fff134c        0x4 FEHProteus.o
                0x1fff134c                CoreClockKHz
 .bss.CoreClockMHz
                0x1fff1350        0x4 FEHProteus.o
                0x1fff1350                CoreClockMHz
 .bss.PeripheralClockKHz
                0x1fff1354        0x4 FEHProteus.o
                0x1fff1354                PeripheralClockKHz
 .bss._ZN14AnalogInputPin17Master_Adc_ConfigE
                0x1fff1358       0x10 Libraries\FEHIO.o
                0x1fff1358                AnalogInputPin::Master_Adc_Config
 .bss._ZN14AnalogInputPin18Encoder_Adc_ConfigE
                0x1fff1368       0x10 Libraries\FEHIO.o
                0x1fff1368                AnalogInputPin::Encoder_Adc_Config
 .bss.interrupt_counts
                0x1fff1378       0x80 Libraries\FEHIO.o
                0x1fff1378                interrupt_counts
 .bss._ZN13AnalogEncoder7pinListE
                0x1fff13f8        0x4 Libraries\FEHIO.o
                0x1fff13f8                AnalogEncoder::pinList
 .bss.__interrupt_counter
                0x1fff13fc        0x4 Libraries\FEHIO.o
                0x1fff13fc                __interrupt_counter
 .bss.Buzzer    0x1fff1400        0x4 Libraries\FEHBuzzer.o
                0x1fff1400                Buzzer
 .bss.LCD       0x1fff1404       0x44 Libraries\FEHLCD.o
                0x1fff1404                LCD
 .bss.initialized
                0x1fff1448        0x1 Libraries\FEHLCD.o
                0x1fff1448                initialized
 *fill*         0x1fff1449        0x3 00
 .bss.Accel     0x1fff144c        0x4 Libraries\FEHAccel.o
                0x1fff144c                Accel
 .bss.Battery   0x1fff1450        0x4 Libraries\FEHBattery.o
                0x1fff1450                Battery
 .bss.XBeeDataProcess
                0x1fff1454        0x4 Drivers\FEHXBee.o
                0x1fff1454                XBeeDataProcess
 .bss._xbeebuffer
                0x1fff1458       0x10 Drivers\FEHXBee.o
                0x1fff1458                _xbeebuffer
 .bss._xbeebufferindex
                0x1fff1468        0x1 Drivers\FEHXBee.o
                0x1fff1468                _xbeebufferindex
 .bss._xbeestate
                0x1fff1469        0x1 Drivers\FEHXBee.o
                0x1fff1469                _xbeestate
 .bss._xbeebytereceived
                0x1fff146a        0x1 Drivers\FEHXBee.o
                0x1fff146a                _xbeebytereceived
 .bss._xbeebyte
                0x1fff146b        0x1 Drivers\FEHXBee.o
                0x1fff146b                _xbeebyte
 .bss.RPS       0x1fff146c        0x8 Libraries\FEHRPS.o
                0x1fff146c                RPS
 .bss._enabled  0x1fff1474        0x1 Libraries\FEHRPS.o
                0x1fff1474                _enabled
 *fill*         0x1fff1475        0x3 00
 .bss._RPS_x    0x1fff1478        0x4 Libraries\FEHRPS.o
                0x1fff1478                _RPS_x
 .bss._RPS_y    0x1fff147c        0x4 Libraries\FEHRPS.o
                0x1fff147c                _RPS_y
 .bss._RPS_heading
                0x1fff1480        0x4 Libraries\FEHRPS.o
                0x1fff1480                _RPS_heading
 .bss._RPS_objective
                0x1fff1484        0x4 Libraries\FEHRPS.o
                0x1fff1484                _RPS_objective
 .bss._RPS_time
                0x1fff1488        0x1 Libraries\FEHRPS.o
                0x1fff1488                _RPS_time
 .bss._RPS_stop
                0x1fff1489        0x1 Libraries\FEHRPS.o
                0x1fff1489                _RPS_stop
 .bss._RPS_foundpacket
                0x1fff148a        0x1 Libraries\FEHRPS.o
                0x1fff148a                _RPS_foundpacket
 *fill*         0x1fff148b        0x1 00
 .bss.SD        0x1fff148c        0x4 Libraries\FEHSD.o
                0x1fff148c                SD
 .bss.logfil    0x1fff1490      0x228 Libraries\FEHSD.o
                0x1fff1490                logfil
 .bss.__stdio_exit
                0x1fff16b8        0x4 C:\fehqt\Proteus/EWL/lib/armv7e-m\libc.a(exit.o)
                0x1fff16b8                __stdio_exit
 .bss.__console_exit
                0x1fff16bc        0x4 C:\fehqt\Proteus/EWL/lib/armv7e-m\libc.a(exit.o)
                0x1fff16bc                __console_exit
 .bss.__S_romp  0x1fff16c0        0xc C:\fehqt\Proteus/EWL/lib/armv7e-m\librt.a(ROMCopy.o)
 .bss.__global_destructor_chain
                0x1fff16cc        0x4 C:\fehqt\Proteus/EWL/lib/armv7e-m\librt.a(__arm_eabi_init.o)
                0x1fff16cc                __global_destructor_chain
 *(COMMON)
                0x1fff16d0                . = ALIGN (0x4)
                0x1fff16d0                __END_BSS = .
                0x1fff16d0                PROVIDE (__bss_end__, __END_BSS)

._user_heap_stack
                0x1fff16d0     0x1000 load address 0x00019224
                0x1fff16d0                . = ALIGN (0x4)
                0x1fff16d0                PROVIDE (end, .)
                0x1fff16d0                PROVIDE (_end, .)
                0x1fff16d0                __heap_addr = .
                0x1fff1ed0                . = (. + __heap_size)
 *fill*         0x1fff16d0      0x800 00
                0x1fff26d0                . = (. + __stack_size)
 *fill*         0x1fff1ed0      0x800 00
                0x1fff26d0                . = ALIGN (0x4)
                0x00018c74                _romp_at = ((___ROM_AT + SIZEOF (.data)) + SIZEOF (.user_data2))

.romp           0x20000000       0x24 load address 0x00018c74
                0x00018c74                __S_romp = _romp_at
                0x20000000        0x4 LONG 0x17f54 ___ROM_AT
                0x20000004        0x4 LONG 0x1fff0400 _sdata
                0x20000008        0x4 LONG 0xd20 ___data_size
                0x2000000c        0x4 LONG 0x18c74 ___m_data2_ROMStart
                0x20000010        0x4 LONG 0x20000000 ___m_data2_RAMStart
                0x20000014        0x4 LONG 0x0 ___m_data2_ROMSize
                0x20000018        0x4 LONG 0x0
                0x2000001c        0x4 LONG 0x0
                0x20000020        0x4 LONG 0x0

.ARM.attributes
                0x00000000       0x33
 *(.ARM.attributes)
 .ARM.attributes
                0x00000000       0x33 ..\main.o
 .ARM.attributes
                0x00000033       0x33 Startup\__arm_start.o
 .ARM.attributes
                0x00000066       0x33 Startup\__arm_end.o
 .ARM.attributes
                0x00000099       0x33 Startup\kinetis_sysinit.o
 .ARM.attributes
                0x000000cc       0x33 Drivers\i2c.o
 .ARM.attributes
                0x000000ff       0x33 Drivers\spi.o
 .ARM.attributes
                0x00000132       0x33 Drivers\uart.o
 .ARM.attributes
                0x00000165       0x33 Drivers\ff.o
 .ARM.attributes
                0x00000198       0x33 Drivers\SDHC.o
 .ARM.attributes
                0x000001cb       0x33 Drivers\lptmr.o
 .ARM.attributes
                0x000001fe       0x33 FEHProteus.o
 .ARM.attributes
                0x00000231       0x33 Drivers\FEHPropeller.o
 .ARM.attributes
                0x00000264       0x33 Libraries\FEHUtility.o
 .ARM.attributes
                0x00000297       0x33 Libraries\FEHIO.o
 .ARM.attributes
                0x000002ca       0x33 Drivers\adc16.o
 .ARM.attributes
                0x000002fd       0x33 Libraries\FEHBuzzer.o
 .ARM.attributes
                0x00000330       0x33 Libraries\FEHLCD.o
 .ARM.attributes
                0x00000363       0x33 Libraries\FEHAccel.o
 .ARM.attributes
                0x00000396       0x33 Libraries\FEHBattery.o
 .ARM.attributes
                0x000003c9       0x33 Drivers\FEHXBee.o
 .ARM.attributes
                0x000003fc       0x33 Libraries\FEHRPS.o
 .ARM.attributes
                0x0000042f       0x33 Libraries\FEHSD.o
 .ARM.attributes
                0x00000462       0x33 C:\fehqt\Proteus/EWL/lib/armv7e-m\libc.a(sprintf.o)
 .ARM.attributes
                0x00000495       0x33 C:\fehqt\Proteus/EWL/lib/armv7e-m\libc.a(vsnprintf.o)
 .ARM.attributes
                0x000004c8       0x33 C:\fehqt\Proteus/EWL/lib/armv7e-m\libc.a(exit.o)
 .ARM.attributes
                0x000004fb       0x33 C:\fehqt\Proteus/EWL/lib/armv7e-m\libc.a(rand.o)
 .ARM.attributes
                0x0000052e       0x33 C:\fehqt\Proteus/EWL/lib/armv7e-m\libc.a(memcpy.o)
 .ARM.attributes
                0x00000561       0x33 C:\fehqt\Proteus/EWL/lib/armv7e-m\libc.a(memset.o)
 .ARM.attributes
                0x00000594       0x33 C:\fehqt\Proteus/EWL/lib/armv7e-m\libc.a(strlen.o)
 .ARM.attributes
                0x000005c7       0x33 C:\fehqt\Proteus/EWL/lib/armv7e-m\libc.a(printformat_.o)
 .ARM.attributes
                0x000005fa       0x33 C:\fehqt\Proteus/EWL/lib/armv7e-m\libc.a(scanformat_.o)
 .ARM.attributes
                0x0000062d       0x33 C:\fehqt\Proteus/EWL/lib/armv7e-m\libc.a(ctype_aeabi.o)
 .ARM.attributes
                0x00000660       0x33 C:\fehqt\Proteus/EWL/lib/armv7e-m\libc.a(__strtoul.o)
 .ARM.attributes
                0x00000693       0x33 C:\fehqt\Proteus/EWL/lib/armv7e-m\libc.a(__filll_mem.o)
 .ARM.attributes
                0x000006c6       0x33 C:\fehqt\Proteus/EWL/lib/armv7e-m\libc.a(memchr.o)
 .ARM.attributes
                0x000006f9       0x33 C:\fehqt\Proteus/EWL/lib/armv7e-m\libc.a(strchr.o)
 .ARM.attributes
                0x0000072c       0x1e c:/fehqt/proteus/gcc/bin/../lib/gcc/arm-none-eabi/4.6.2/armv7e-m\libgcc.a(_arm_addsubdf3.o)
 .ARM.attributes
                0x0000074a       0x1e c:/fehqt/proteus/gcc/bin/../lib/gcc/arm-none-eabi/4.6.2/armv7e-m\libgcc.a(_arm_muldivdf3.o)
 .ARM.attributes
                0x00000768       0x1e c:/fehqt/proteus/gcc/bin/../lib/gcc/arm-none-eabi/4.6.2/armv7e-m\libgcc.a(_arm_fixunsdfsi.o)
 .ARM.attributes
                0x00000786       0x1e c:/fehqt/proteus/gcc/bin/../lib/gcc/arm-none-eabi/4.6.2/armv7e-m\libgcc.a(_arm_truncdfsf2.o)
 .ARM.attributes
                0x000007a4       0x1e c:/fehqt/proteus/gcc/bin/../lib/gcc/arm-none-eabi/4.6.2/armv7e-m\libgcc.a(_arm_addsubsf3.o)
 .ARM.attributes
                0x000007c2       0x1e c:/fehqt/proteus/gcc/bin/../lib/gcc/arm-none-eabi/4.6.2/armv7e-m\libgcc.a(_arm_muldivsf3.o)
 .ARM.attributes
                0x000007e0       0x1e c:/fehqt/proteus/gcc/bin/../lib/gcc/arm-none-eabi/4.6.2/armv7e-m\libgcc.a(_arm_cmpsf2.o)
 .ARM.attributes
                0x000007fe       0x1e c:/fehqt/proteus/gcc/bin/../lib/gcc/arm-none-eabi/4.6.2/armv7e-m\libgcc.a(_arm_fixsfsi.o)
 .ARM.attributes
                0x0000081c       0x33 C:\fehqt\Proteus/EWL/lib/armv7e-m\librt.a(gcc_ctor_dtor.o)
 .ARM.attributes
                0x0000084f       0x33 C:\fehqt\Proteus/EWL/lib/armv7e-m\librt.a(ROMCopy.o)
 .ARM.attributes
                0x00000882       0x33 C:\fehqt\Proteus/EWL/lib/armv7e-m\librt.a(__arm_eabi_init.o)
OUTPUT(../DinoGame.elf elf32-littlearm)

.debug_info     0x00000000    0x13032
 .debug_info    0x00000000     0x1751 ..\main.o
 .debug_info    0x00001751     0x12c5 Startup\__arm_start.o
 .debug_info    0x00002a16       0x58 Startup\__arm_end.o
 .debug_info    0x00002a6e      0x57d Startup\kinetis_sysinit.o
 .debug_info    0x00002feb      0x250 Drivers\i2c.o
 .debug_info    0x0000323b      0x6cf Drivers\spi.o
 .debug_info    0x0000390a      0x59c Drivers\uart.o
 .debug_info    0x00003ea6     0x1da0 Drivers\ff.o
 .debug_info    0x00005c46      0xf1d Drivers\SDHC.o
 .debug_info    0x00006b63      0x2de Drivers\lptmr.o
 .debug_info    0x00006e41      0x1a7 FEHProteus.o
 .debug_info    0x00006fe8      0x722 Drivers\FEHPropeller.o
 .debug_info    0x0000770a      0x36c Libraries\FEHUtility.o
 .debug_info    0x00007a76     0x1c6a Libraries\FEHIO.o
 .debug_info    0x000096e0      0x4ab Drivers\adc16.o
 .debug_info    0x00009b8b      0xa42 Libraries\FEHBuzzer.o
 .debug_info    0x0000a5cd     0x2c25 Libraries\FEHLCD.o
 .debug_info    0x0000d1f2      0x26a Libraries\FEHAccel.o
 .debug_info    0x0000d45c      0x3a9 Libraries\FEHBattery.o
 .debug_info    0x0000d805      0xac3 Drivers\FEHXBee.o
 .debug_info    0x0000e2c8     0x19c7 Libraries\FEHRPS.o
 .debug_info    0x0000fc8f     0x1242 Libraries\FEHSD.o
 .debug_info    0x00010ed1      0x11f C:\fehqt\Proteus/EWL/lib/armv7e-m\libc.a(sprintf.o)
 .debug_info    0x00010ff0      0x206 C:\fehqt\Proteus/EWL/lib/armv7e-m\libc.a(vsnprintf.o)
 .debug_info    0x000111f6      0x103 C:\fehqt\Proteus/EWL/lib/armv7e-m\libc.a(exit.o)
 .debug_info    0x000112f9      0x108 C:\fehqt\Proteus/EWL/lib/armv7e-m\libc.a(rand.o)
 .debug_info    0x00011401      0x113 C:\fehqt\Proteus/EWL/lib/armv7e-m\libc.a(memcpy.o)
 .debug_info    0x00011514       0xf4 C:\fehqt\Proteus/EWL/lib/armv7e-m\libc.a(memset.o)
 .debug_info    0x00011608       0xf3 C:\fehqt\Proteus/EWL/lib/armv7e-m\libc.a(strlen.o)
 .debug_info    0x000116fb      0x512 C:\fehqt\Proteus/EWL/lib/armv7e-m\libc.a(printformat_.o)
 .debug_info    0x00011c0d      0x564 C:\fehqt\Proteus/EWL/lib/armv7e-m\libc.a(scanformat_.o)
 .debug_info    0x00012171      0x32a C:\fehqt\Proteus/EWL/lib/armv7e-m\libc.a(ctype_aeabi.o)
 .debug_info    0x0001249b      0x1d7 C:\fehqt\Proteus/EWL/lib/armv7e-m\libc.a(__strtoul.o)
 .debug_info    0x00012672      0x13d C:\fehqt\Proteus/EWL/lib/armv7e-m\libc.a(__filll_mem.o)
 .debug_info    0x000127af      0x129 C:\fehqt\Proteus/EWL/lib/armv7e-m\libc.a(memchr.o)
 .debug_info    0x000128d8      0x110 C:\fehqt\Proteus/EWL/lib/armv7e-m\libc.a(strchr.o)
 .debug_info    0x000129e8      0x1c0 C:\fehqt\Proteus/EWL/lib/armv7e-m\librt.a(gcc_ctor_dtor.o)
 .debug_info    0x00012ba8      0x1b8 C:\fehqt\Proteus/EWL/lib/armv7e-m\librt.a(ROMCopy.o)
 .debug_info    0x00012d60      0x2d2 C:\fehqt\Proteus/EWL/lib/armv7e-m\librt.a(__arm_eabi_init.o)

.debug_abbrev   0x00000000     0x39b1
 .debug_abbrev  0x00000000      0x2e4 ..\main.o
 .debug_abbrev  0x000002e4      0x28f Startup\__arm_start.o
 .debug_abbrev  0x00000573       0x45 Startup\__arm_end.o
 .debug_abbrev  0x000005b8      0x18a Startup\kinetis_sysinit.o
 .debug_abbrev  0x00000742       0xfc Drivers\i2c.o
 .debug_abbrev  0x0000083e      0x18b Drivers\spi.o
 .debug_abbrev  0x000009c9      0x15f Drivers\uart.o
 .debug_abbrev  0x00000b28      0x18f Drivers\ff.o
 .debug_abbrev  0x00000cb7      0x223 Drivers\SDHC.o
 .debug_abbrev  0x00000eda       0xd2 Drivers\lptmr.o
 .debug_abbrev  0x00000fac      0x101 FEHProteus.o
 .debug_abbrev  0x000010ad      0x1c6 Drivers\FEHPropeller.o
 .debug_abbrev  0x00001273      0x154 Libraries\FEHUtility.o
 .debug_abbrev  0x000013c7      0x448 Libraries\FEHIO.o
 .debug_abbrev  0x0000180f      0x12a Drivers\adc16.o
 .debug_abbrev  0x00001939      0x1da Libraries\FEHBuzzer.o
 .debug_abbrev  0x00001b13      0x38c Libraries\FEHLCD.o
 .debug_abbrev  0x00001e9f      0x13b Libraries\FEHAccel.o
 .debug_abbrev  0x00001fda      0x1cb Libraries\FEHBattery.o
 .debug_abbrev  0x000021a5      0x231 Drivers\FEHXBee.o
 .debug_abbrev  0x000023d6      0x37f Libraries\FEHRPS.o
 .debug_abbrev  0x00002755      0x33a Libraries\FEHSD.o
 .debug_abbrev  0x00002a8f       0xb5 C:\fehqt\Proteus/EWL/lib/armv7e-m\libc.a(sprintf.o)
 .debug_abbrev  0x00002b44       0xf4 C:\fehqt\Proteus/EWL/lib/armv7e-m\libc.a(vsnprintf.o)
 .debug_abbrev  0x00002c38       0x8f C:\fehqt\Proteus/EWL/lib/armv7e-m\libc.a(exit.o)
 .debug_abbrev  0x00002cc7       0x92 C:\fehqt\Proteus/EWL/lib/armv7e-m\libc.a(rand.o)
 .debug_abbrev  0x00002d59       0x97 C:\fehqt\Proteus/EWL/lib/armv7e-m\libc.a(memcpy.o)
 .debug_abbrev  0x00002df0       0x66 C:\fehqt\Proteus/EWL/lib/armv7e-m\libc.a(memset.o)
 .debug_abbrev  0x00002e56       0x7e C:\fehqt\Proteus/EWL/lib/armv7e-m\libc.a(strlen.o)
 .debug_abbrev  0x00002ed4      0x204 C:\fehqt\Proteus/EWL/lib/armv7e-m\libc.a(printformat_.o)
 .debug_abbrev  0x000030d8      0x1fb C:\fehqt\Proteus/EWL/lib/armv7e-m\libc.a(scanformat_.o)
 .debug_abbrev  0x000032d3       0x9a C:\fehqt\Proteus/EWL/lib/armv7e-m\libc.a(ctype_aeabi.o)
 .debug_abbrev  0x0000336d       0xc6 C:\fehqt\Proteus/EWL/lib/armv7e-m\libc.a(__strtoul.o)
 .debug_abbrev  0x00003433       0x8b C:\fehqt\Proteus/EWL/lib/armv7e-m\libc.a(__filll_mem.o)
 .debug_abbrev  0x000034be       0x99 C:\fehqt\Proteus/EWL/lib/armv7e-m\libc.a(memchr.o)
 .debug_abbrev  0x00003557       0x8d C:\fehqt\Proteus/EWL/lib/armv7e-m\libc.a(strchr.o)
 .debug_abbrev  0x000035e4       0x9d C:\fehqt\Proteus/EWL/lib/armv7e-m\librt.a(gcc_ctor_dtor.o)
 .debug_abbrev  0x00003681      0x160 C:\fehqt\Proteus/EWL/lib/armv7e-m\librt.a(ROMCopy.o)
 .debug_abbrev  0x000037e1      0x1d0 C:\fehqt\Proteus/EWL/lib/armv7e-m\librt.a(__arm_eabi_init.o)

.debug_loc      0x00000000     0x66f0
 .debug_loc     0x00000000      0x50a ..\main.o
 .debug_loc     0x0000050a       0xb0 Startup\__arm_start.o
 .debug_loc     0x000005ba       0x38 Startup\__arm_end.o
 .debug_loc     0x000005f2       0x84 Startup\kinetis_sysinit.o
 .debug_loc     0x00000676       0xe0 Drivers\i2c.o
 .debug_loc     0x00000756      0x19c Drivers\spi.o
 .debug_loc     0x000008f2       0xe0 Drivers\uart.o
 .debug_loc     0x000009d2      0xa96 Drivers\ff.o
 .debug_loc     0x00001468      0x370 Drivers\SDHC.o
 .debug_loc     0x000017d8       0x38 Drivers\lptmr.o
 .debug_loc     0x00001810       0x64 FEHProteus.o
 .debug_loc     0x00001874      0x118 Drivers\FEHPropeller.o
 .debug_loc     0x0000198c      0x1a8 Libraries\FEHUtility.o
 .debug_loc     0x00001b34      0x8d6 Libraries\FEHIO.o
 .debug_loc     0x0000240a       0xa8 Drivers\adc16.o
 .debug_loc     0x000024b2      0x304 Libraries\FEHBuzzer.o
 .debug_loc     0x000027b6     0x1147 Libraries\FEHLCD.o
 .debug_loc     0x000038fd      0x144 Libraries\FEHAccel.o
 .debug_loc     0x00003a41       0xd4 Libraries\FEHBattery.o
 .debug_loc     0x00003b15      0x1c0 Drivers\FEHXBee.o
 .debug_loc     0x00003cd5      0x3e8 Libraries\FEHRPS.o
 .debug_loc     0x000040bd      0x188 Libraries\FEHSD.o
 .debug_loc     0x00004245       0x3f C:\fehqt\Proteus/EWL/lib/armv7e-m\libc.a(sprintf.o)
 .debug_loc     0x00004284      0x105 C:\fehqt\Proteus/EWL/lib/armv7e-m\libc.a(vsnprintf.o)
 .debug_loc     0x00004389       0x3e C:\fehqt\Proteus/EWL/lib/armv7e-m\libc.a(exit.o)
 .debug_loc     0x000043c7       0x46 C:\fehqt\Proteus/EWL/lib/armv7e-m\libc.a(memcpy.o)
 .debug_loc     0x0000440d       0x64 C:\fehqt\Proteus/EWL/lib/armv7e-m\libc.a(memset.o)
 .debug_loc     0x00004471       0x31 C:\fehqt\Proteus/EWL/lib/armv7e-m\libc.a(strlen.o)
 .debug_loc     0x000044a2     0x106f C:\fehqt\Proteus/EWL/lib/armv7e-m\libc.a(printformat_.o)
 .debug_loc     0x00005511      0x8cb C:\fehqt\Proteus/EWL/lib/armv7e-m\libc.a(scanformat_.o)
 .debug_loc     0x00005ddc      0x18e C:\fehqt\Proteus/EWL/lib/armv7e-m\libc.a(ctype_aeabi.o)
 .debug_loc     0x00005f6a      0x2ad C:\fehqt\Proteus/EWL/lib/armv7e-m\libc.a(__strtoul.o)
 .debug_loc     0x00006217      0x12c C:\fehqt\Proteus/EWL/lib/armv7e-m\libc.a(__filll_mem.o)
 .debug_loc     0x00006343       0x82 C:\fehqt\Proteus/EWL/lib/armv7e-m\libc.a(memchr.o)
 .debug_loc     0x000063c5       0x78 C:\fehqt\Proteus/EWL/lib/armv7e-m\libc.a(strchr.o)
 .debug_loc     0x0000643d       0xbe C:\fehqt\Proteus/EWL/lib/armv7e-m\librt.a(gcc_ctor_dtor.o)
 .debug_loc     0x000064fb       0x9b C:\fehqt\Proteus/EWL/lib/armv7e-m\librt.a(ROMCopy.o)
 .debug_loc     0x00006596      0x15a C:\fehqt\Proteus/EWL/lib/armv7e-m\librt.a(__arm_eabi_init.o)

.debug_aranges  0x00000000      0xea8
 .debug_aranges
                0x00000000       0xd0 ..\main.o
 .debug_aranges
                0x000000d0       0x48 Startup\__arm_start.o
 .debug_aranges
                0x00000118       0x20 Startup\__arm_end.o
 .debug_aranges
                0x00000138       0x30 Startup\kinetis_sysinit.o
 .debug_aranges
                0x00000168       0x38 Drivers\i2c.o
 .debug_aranges
                0x000001a0       0x58 Drivers\spi.o
 .debug_aranges
                0x000001f8       0x38 Drivers\uart.o
 .debug_aranges
                0x00000230      0x198 Drivers\ff.o
 .debug_aranges
                0x000003c8       0x98 Drivers\SDHC.o
 .debug_aranges
                0x00000460       0x20 Drivers\lptmr.o
 .debug_aranges
                0x00000480       0x28 FEHProteus.o
 .debug_aranges
                0x000004a8       0x40 Drivers\FEHPropeller.o
 .debug_aranges
                0x000004e8       0x58 Libraries\FEHUtility.o
 .debug_aranges
                0x00000540      0x160 Libraries\FEHIO.o
 .debug_aranges
                0x000006a0       0x30 Drivers\adc16.o
 .debug_aranges
                0x000006d0       0x88 Libraries\FEHBuzzer.o
 .debug_aranges
                0x00000758      0x290 Libraries\FEHLCD.o
 .debug_aranges
                0x000009e8       0x48 Libraries\FEHAccel.o
 .debug_aranges
                0x00000a30       0x38 Libraries\FEHBattery.o
 .debug_aranges
                0x00000a68       0x58 Drivers\FEHXBee.o
 .debug_aranges
                0x00000ac0       0xa8 Libraries\FEHRPS.o
 .debug_aranges
                0x00000b68       0x50 Libraries\FEHSD.o
 .debug_aranges
                0x00000bb8       0x20 C:\fehqt\Proteus/EWL/lib/armv7e-m\libc.a(sprintf.o)
 .debug_aranges
                0x00000bd8       0x28 C:\fehqt\Proteus/EWL/lib/armv7e-m\libc.a(vsnprintf.o)
 .debug_aranges
                0x00000c00       0x20 C:\fehqt\Proteus/EWL/lib/armv7e-m\libc.a(exit.o)
 .debug_aranges
                0x00000c20       0x28 C:\fehqt\Proteus/EWL/lib/armv7e-m\libc.a(rand.o)
 .debug_aranges
                0x00000c48       0x20 C:\fehqt\Proteus/EWL/lib/armv7e-m\libc.a(memcpy.o)
 .debug_aranges
                0x00000c68       0x20 C:\fehqt\Proteus/EWL/lib/armv7e-m\libc.a(memset.o)
 .debug_aranges
                0x00000c88       0x20 C:\fehqt\Proteus/EWL/lib/armv7e-m\libc.a(strlen.o)
 .debug_aranges
                0x00000ca8       0x28 C:\fehqt\Proteus/EWL/lib/armv7e-m\libc.a(printformat_.o)
 .debug_aranges
                0x00000cd0       0x20 C:\fehqt\Proteus/EWL/lib/armv7e-m\libc.a(scanformat_.o)
 .debug_aranges
                0x00000cf0       0x88 C:\fehqt\Proteus/EWL/lib/armv7e-m\libc.a(ctype_aeabi.o)
 .debug_aranges
                0x00000d78       0x20 C:\fehqt\Proteus/EWL/lib/armv7e-m\libc.a(__strtoul.o)
 .debug_aranges
                0x00000d98       0x20 C:\fehqt\Proteus/EWL/lib/armv7e-m\libc.a(__filll_mem.o)
 .debug_aranges
                0x00000db8       0x20 C:\fehqt\Proteus/EWL/lib/armv7e-m\libc.a(memchr.o)
 .debug_aranges
                0x00000dd8       0x20 C:\fehqt\Proteus/EWL/lib/armv7e-m\libc.a(strchr.o)
 .debug_aranges
                0x00000df8       0x28 C:\fehqt\Proteus/EWL/lib/armv7e-m\librt.a(gcc_ctor_dtor.o)
 .debug_aranges
                0x00000e20       0x30 C:\fehqt\Proteus/EWL/lib/armv7e-m\librt.a(ROMCopy.o)
 .debug_aranges
                0x00000e50       0x58 C:\fehqt\Proteus/EWL/lib/armv7e-m\librt.a(__arm_eabi_init.o)

.debug_line     0x00000000     0x7907
 .debug_line    0x00000000      0x8b6 ..\main.o
 .debug_line    0x000008b6      0x3ad Startup\__arm_start.o
 .debug_line    0x00000c63      0x21a Startup\__arm_end.o
 .debug_line    0x00000e7d      0x283 Startup\kinetis_sysinit.o
 .debug_line    0x00001100      0x2ad Drivers\i2c.o
 .debug_line    0x000013ad      0x295 Drivers\spi.o
 .debug_line    0x00001642      0x212 Drivers\uart.o
 .debug_line    0x00001854     0x1114 Drivers\ff.o
 .debug_line    0x00002968      0x678 Drivers\SDHC.o
 .debug_line    0x00002fe0      0x1c0 Drivers\lptmr.o
 .debug_line    0x000031a0      0x1da FEHProteus.o
 .debug_line    0x0000337a      0x264 Drivers\FEHPropeller.o
 .debug_line    0x000035de      0x282 Libraries\FEHUtility.o
 .debug_line    0x00003860      0x6ee Libraries\FEHIO.o
 .debug_line    0x00003f4e      0x20f Drivers\adc16.o
 .debug_line    0x0000415d      0x2df Libraries\FEHBuzzer.o
 .debug_line    0x0000443c     0x1151 Libraries\FEHLCD.o
 .debug_line    0x0000558d      0x23f Libraries\FEHAccel.o
 .debug_line    0x000057cc      0x218 Libraries\FEHBattery.o
 .debug_line    0x000059e4      0x349 Drivers\FEHXBee.o
 .debug_line    0x00005d2d      0x6fa Libraries\FEHRPS.o
 .debug_line    0x00006427      0x334 Libraries\FEHSD.o
 .debug_line    0x0000675b       0x94 C:\fehqt\Proteus/EWL/lib/armv7e-m\libc.a(sprintf.o)
 .debug_line    0x000067ef       0xd2 C:\fehqt\Proteus/EWL/lib/armv7e-m\libc.a(vsnprintf.o)
 .debug_line    0x000068c1       0x94 C:\fehqt\Proteus/EWL/lib/armv7e-m\libc.a(exit.o)
 .debug_line    0x00006955       0x91 C:\fehqt\Proteus/EWL/lib/armv7e-m\libc.a(rand.o)
 .debug_line    0x000069e6       0x8d C:\fehqt\Proteus/EWL/lib/armv7e-m\libc.a(memcpy.o)
 .debug_line    0x00006a73       0x8f C:\fehqt\Proteus/EWL/lib/armv7e-m\libc.a(memset.o)
 .debug_line    0x00006b02       0x89 C:\fehqt\Proteus/EWL/lib/armv7e-m\libc.a(strlen.o)
 .debug_line    0x00006b8b      0x2c6 C:\fehqt\Proteus/EWL/lib/armv7e-m\libc.a(printformat_.o)
 .debug_line    0x00006e51      0x2e3 C:\fehqt\Proteus/EWL/lib/armv7e-m\libc.a(scanformat_.o)
 .debug_line    0x00007134      0x1dd C:\fehqt\Proteus/EWL/lib/armv7e-m\libc.a(ctype_aeabi.o)
 .debug_line    0x00007311      0x141 C:\fehqt\Proteus/EWL/lib/armv7e-m\libc.a(__strtoul.o)
 .debug_line    0x00007452      0x121 C:\fehqt\Proteus/EWL/lib/armv7e-m\libc.a(__filll_mem.o)
 .debug_line    0x00007573       0xa3 C:\fehqt\Proteus/EWL/lib/armv7e-m\libc.a(memchr.o)
 .debug_line    0x00007616       0x84 C:\fehqt\Proteus/EWL/lib/armv7e-m\libc.a(strchr.o)
 .debug_line    0x0000769a       0x94 C:\fehqt\Proteus/EWL/lib/armv7e-m\librt.a(gcc_ctor_dtor.o)
 .debug_line    0x0000772e       0xc0 C:\fehqt\Proteus/EWL/lib/armv7e-m\librt.a(ROMCopy.o)
 .debug_line    0x000077ee      0x119 C:\fehqt\Proteus/EWL/lib/armv7e-m\librt.a(__arm_eabi_init.o)

.debug_macinfo  0x00000000   0x7d3c4e
 .debug_macinfo
                0x00000000    0x64529 ..\main.o
 .debug_macinfo
                0x00064529    0x647fb Startup\__arm_start.o
 .debug_macinfo
                0x000c8d24     0x3464 Startup\__arm_end.o
 .debug_macinfo
                0x000cc188    0x64cce Startup\kinetis_sysinit.o
 .debug_macinfo
                0x00130e56    0x6318f Drivers\i2c.o
 .debug_macinfo
                0x00193fe5    0x62fd6 Drivers\spi.o
 .debug_macinfo
                0x001f6fbb    0x62fc7 Drivers\uart.o
 .debug_macinfo
                0x00259f82     0x4396 Drivers\ff.o
 .debug_macinfo
                0x0025e318    0x6452b Drivers\SDHC.o
 .debug_macinfo
                0x002c2843    0x63036 Drivers\lptmr.o
 .debug_macinfo
                0x00325879    0x62fdc FEHProteus.o
 .debug_macinfo
                0x00388855    0x63085 Drivers\FEHPropeller.o
 .debug_macinfo
                0x003eb8da    0x62ff1 Libraries\FEHUtility.o
 .debug_macinfo
                0x0044e8cb    0x64348 Libraries\FEHIO.o
 .debug_macinfo
                0x004b2c13    0x63678 Drivers\adc16.o
 .debug_macinfo
                0x0051628b    0x6301e Libraries\FEHBuzzer.o
 .debug_macinfo
                0x005792a9    0x649ab Libraries\FEHLCD.o
 .debug_macinfo
                0x005ddc54    0x631be Libraries\FEHAccel.o
 .debug_macinfo
                0x00640e12    0x636a3 Libraries\FEHBattery.o
 .debug_macinfo
                0x006a44b5    0x63d5d Drivers\FEHXBee.o
 .debug_macinfo
                0x00708212    0x661ab Libraries\FEHRPS.o
 .debug_macinfo
                0x0076e3bd    0x65891 Libraries\FEHSD.o

.debug_str      0x00000000     0x4c29
 .debug_str     0x00000000      0xf03 ..\main.o
                                0xf9f (size before relaxing)
 .debug_str     0x00000f03      0x3a5 Startup\__arm_start.o
                                0xe74 (size before relaxing)
 .debug_str     0x000012a8       0x23 Startup\__arm_end.o
                                 0xc8 (size before relaxing)
 .debug_str     0x000012cb      0x1df Startup\kinetis_sysinit.o
                                0x373 (size before relaxing)
 .debug_str     0x000014aa      0x11a Drivers\i2c.o
                                0x20c (size before relaxing)
 .debug_str     0x000015c4      0x18b Drivers\spi.o
                                0x3c8 (size before relaxing)
 .debug_str     0x0000174f      0x188 Drivers\uart.o
                                0x35d (size before relaxing)
 .debug_str     0x000018d7      0x6bb Drivers\ff.o
                                0x860 (size before relaxing)
 .debug_str     0x00001f92      0x546 Drivers\SDHC.o
                                0x836 (size before relaxing)
 .debug_str     0x000024d8       0x5a Drivers\lptmr.o
                                0x213 (size before relaxing)
 .debug_str     0x00002532       0x6c FEHProteus.o
                                0x262 (size before relaxing)
 .debug_str     0x0000259e       0x25 Drivers\FEHPropeller.o
                                0x3a0 (size before relaxing)
 .debug_str     0x000025c3       0xc0 Libraries\FEHUtility.o
                                0x1e7 (size before relaxing)
 .debug_str     0x00002683      0xfde Libraries\FEHIO.o
                               0x12b5 (size before relaxing)
 .debug_str     0x00003661       0xd7 Drivers\adc16.o
                                0x2a4 (size before relaxing)
 .debug_str     0x00003738       0x79 Libraries\FEHBuzzer.o
                                0x3b9 (size before relaxing)
 .debug_str     0x000037b1      0x471 Libraries\FEHLCD.o
                               0x1117 (size before relaxing)
 .debug_str     0x00003c22       0x68 Libraries\FEHAccel.o
                                0x1ab (size before relaxing)
 .debug_str     0x00003c8a       0x5d Libraries\FEHBattery.o
                                0x36c (size before relaxing)
 .debug_str     0x00003ce7      0x1f6 Drivers\FEHXBee.o
                                0x552 (size before relaxing)
 .debug_str     0x00003edd      0x35e Libraries\FEHRPS.o
                               0x150c (size before relaxing)
 .debug_str     0x0000423b       0x75 Libraries\FEHSD.o
                                0xf37 (size before relaxing)
 .debug_str     0x000042b0       0xab C:\fehqt\Proteus/EWL/lib/armv7e-m\libc.a(sprintf.o)
                                0x15a (size before relaxing)
 .debug_str     0x0000435b       0x83 C:\fehqt\Proteus/EWL/lib/armv7e-m\libc.a(vsnprintf.o)
                                0x1c3 (size before relaxing)
 .debug_str     0x000043de       0x2e C:\fehqt\Proteus/EWL/lib/armv7e-m\libc.a(exit.o)
                                0x14e (size before relaxing)
 .debug_str     0x0000440c       0x30 C:\fehqt\Proteus/EWL/lib/armv7e-m\libc.a(rand.o)
                                0x152 (size before relaxing)
 .debug_str     0x0000443c       0x1c C:\fehqt\Proteus/EWL/lib/armv7e-m\libc.a(memcpy.o)
                                0x138 (size before relaxing)
 .debug_str     0x00004458       0x1c C:\fehqt\Proteus/EWL/lib/armv7e-m\libc.a(memset.o)
                                0x140 (size before relaxing)
 .debug_str     0x00004474       0x24 C:\fehqt\Proteus/EWL/lib/armv7e-m\libc.a(strlen.o)
                                0x140 (size before relaxing)
 .debug_str     0x00004498      0x213 C:\fehqt\Proteus/EWL/lib/armv7e-m\libc.a(printformat_.o)
                                0x3aa (size before relaxing)
 .debug_str     0x000046ab      0x17b C:\fehqt\Proteus/EWL/lib/armv7e-m\libc.a(scanformat_.o)
                                0x3f0 (size before relaxing)
 .debug_str     0x00004826       0x9d C:\fehqt\Proteus/EWL/lib/armv7e-m\libc.a(ctype_aeabi.o)
                                0x1b3 (size before relaxing)
 .debug_str     0x000048c3       0x55 C:\fehqt\Proteus/EWL/lib/armv7e-m\libc.a(__strtoul.o)
                                0x1f2 (size before relaxing)
 .debug_str     0x00004918       0x25 C:\fehqt\Proteus/EWL/lib/armv7e-m\libc.a(__filll_mem.o)
                                0x152 (size before relaxing)
 .debug_str     0x0000493d       0x1c C:\fehqt\Proteus/EWL/lib/armv7e-m\libc.a(memchr.o)
                                0x148 (size before relaxing)
 .debug_str     0x00004959       0x1c C:\fehqt\Proteus/EWL/lib/armv7e-m\libc.a(strchr.o)
                                0x137 (size before relaxing)
 .debug_str     0x00004975      0x126 C:\fehqt\Proteus/EWL/lib/armv7e-m\librt.a(gcc_ctor_dtor.o)
                                0x185 (size before relaxing)
 .debug_str     0x00004a9b       0x9b C:\fehqt\Proteus/EWL/lib/armv7e-m\librt.a(ROMCopy.o)
                                0x140 (size before relaxing)
 .debug_str     0x00004b36       0xf3 C:\fehqt\Proteus/EWL/lib/armv7e-m\librt.a(__arm_eabi_init.o)
                                0x1ac (size before relaxing)

.comment        0x00000000       0x79
 .comment       0x00000000       0x79 ..\main.o
                                 0x7a (size before relaxing)
 .comment       0x00000000       0x7a Startup\__arm_start.o
 .comment       0x00000000       0x7a Startup\__arm_end.o
 .comment       0x00000000       0x7a Startup\kinetis_sysinit.o
 .comment       0x00000000       0x7a Drivers\i2c.o
 .comment       0x00000000       0x7a Drivers\spi.o
 .comment       0x00000000       0x7a Drivers\uart.o
 .comment       0x00000000       0x7a Drivers\ff.o
 .comment       0x00000000       0x7a Drivers\SDHC.o
 .comment       0x00000000       0x7a Drivers\lptmr.o
 .comment       0x00000000       0x7a FEHProteus.o
 .comment       0x00000000       0x7a Drivers\FEHPropeller.o
 .comment       0x00000000       0x7a Libraries\FEHUtility.o
 .comment       0x00000000       0x7a Libraries\FEHIO.o
 .comment       0x00000000       0x7a Drivers\adc16.o
 .comment       0x00000000       0x7a Libraries\FEHBuzzer.o
 .comment       0x00000000       0x7a Libraries\FEHLCD.o
 .comment       0x00000000       0x7a Libraries\FEHAccel.o
 .comment       0x00000000       0x7a Libraries\FEHBattery.o
 .comment       0x00000000       0x7a Drivers\FEHXBee.o
 .comment       0x00000000       0x7a Libraries\FEHRPS.o
 .comment       0x00000000       0x7a Libraries\FEHSD.o
 .comment       0x00000000       0x7a C:\fehqt\Proteus/EWL/lib/armv7e-m\libc.a(sprintf.o)
 .comment       0x00000000       0x7a C:\fehqt\Proteus/EWL/lib/armv7e-m\libc.a(vsnprintf.o)
 .comment       0x00000000       0x7a C:\fehqt\Proteus/EWL/lib/armv7e-m\libc.a(exit.o)
 .comment       0x00000000       0x7a C:\fehqt\Proteus/EWL/lib/armv7e-m\libc.a(rand.o)
 .comment       0x00000000       0x7a C:\fehqt\Proteus/EWL/lib/armv7e-m\libc.a(memcpy.o)
 .comment       0x00000000       0x7a C:\fehqt\Proteus/EWL/lib/armv7e-m\libc.a(memset.o)
 .comment       0x00000000       0x7a C:\fehqt\Proteus/EWL/lib/armv7e-m\libc.a(strlen.o)
 .comment       0x00000000       0x7a C:\fehqt\Proteus/EWL/lib/armv7e-m\libc.a(printformat_.o)
 .comment       0x00000000       0x7a C:\fehqt\Proteus/EWL/lib/armv7e-m\libc.a(scanformat_.o)
 .comment       0x00000000       0x7a C:\fehqt\Proteus/EWL/lib/armv7e-m\libc.a(ctype_aeabi.o)
 .comment       0x00000000       0x7a C:\fehqt\Proteus/EWL/lib/armv7e-m\libc.a(__strtoul.o)
 .comment       0x00000000       0x7a C:\fehqt\Proteus/EWL/lib/armv7e-m\libc.a(__filll_mem.o)
 .comment       0x00000000       0x7a C:\fehqt\Proteus/EWL/lib/armv7e-m\libc.a(memchr.o)
 .comment       0x00000000       0x7a C:\fehqt\Proteus/EWL/lib/armv7e-m\libc.a(strchr.o)
 .comment       0x00000000       0x7a C:\fehqt\Proteus/EWL/lib/armv7e-m\librt.a(gcc_ctor_dtor.o)
 .comment       0x00000000       0x7a C:\fehqt\Proteus/EWL/lib/armv7e-m\librt.a(ROMCopy.o)
 .comment       0x00000000       0x7a C:\fehqt\Proteus/EWL/lib/armv7e-m\librt.a(__arm_eabi_init.o)

.debug_frame    0x00000000     0x2b00
 .debug_frame   0x00000000      0x2e0 ..\main.o
 .debug_frame   0x000002e0       0x98 Startup\__arm_start.o
 .debug_frame   0x00000378       0x2c Startup\__arm_end.o
 .debug_frame   0x000003a4       0x5c Startup\kinetis_sysinit.o
 .debug_frame   0x00000400       0x88 Drivers\i2c.o
 .debug_frame   0x00000488       0xf8 Drivers\spi.o
 .debug_frame   0x00000580       0x84 Drivers\uart.o
 .debug_frame   0x00000604      0x5e8 Drivers\ff.o
 .debug_frame   0x00000bec      0x1e8 Drivers\SDHC.o
 .debug_frame   0x00000dd4       0x2c Drivers\lptmr.o
 .debug_frame   0x00000e00       0x4c FEHProteus.o
 .debug_frame   0x00000e4c       0xa8 Drivers\FEHPropeller.o
 .debug_frame   0x00000ef4       0xf8 Libraries\FEHUtility.o
 .debug_frame   0x00000fec      0x4e8 Libraries\FEHIO.o
 .debug_frame   0x000014d4       0x64 Drivers\adc16.o
 .debug_frame   0x00001538      0x1c8 Libraries\FEHBuzzer.o
 .debug_frame   0x00001700      0x9c0 Libraries\FEHLCD.o
 .debug_frame   0x000020c0       0xd8 Libraries\FEHAccel.o
 .debug_frame   0x00002198       0x8c Libraries\FEHBattery.o
 .debug_frame   0x00002224       0xfc Drivers\FEHXBee.o
 .debug_frame   0x00002320      0x22c Libraries\FEHRPS.o
 .debug_frame   0x0000254c       0xf0 Libraries\FEHSD.o
 .debug_frame   0x0000263c       0x34 C:\fehqt\Proteus/EWL/lib/armv7e-m\libc.a(sprintf.o)
 .debug_frame   0x00002670       0x4c C:\fehqt\Proteus/EWL/lib/armv7e-m\libc.a(vsnprintf.o)
 .debug_frame   0x000026bc       0x28 C:\fehqt\Proteus/EWL/lib/armv7e-m\libc.a(exit.o)
 .debug_frame   0x000026e4       0x30 C:\fehqt\Proteus/EWL/lib/armv7e-m\libc.a(rand.o)
 .debug_frame   0x00002714       0x28 C:\fehqt\Proteus/EWL/lib/armv7e-m\libc.a(memcpy.o)
 .debug_frame   0x0000273c       0x28 C:\fehqt\Proteus/EWL/lib/armv7e-m\libc.a(memset.o)
 .debug_frame   0x00002764       0x20 C:\fehqt\Proteus/EWL/lib/armv7e-m\libc.a(strlen.o)
 .debug_frame   0x00002784       0x64 C:\fehqt\Proteus/EWL/lib/armv7e-m\libc.a(printformat_.o)
 .debug_frame   0x000027e8       0x3c C:\fehqt\Proteus/EWL/lib/armv7e-m\libc.a(scanformat_.o)
 .debug_frame   0x00002824       0xf0 C:\fehqt\Proteus/EWL/lib/armv7e-m\libc.a(ctype_aeabi.o)
 .debug_frame   0x00002914       0x3c C:\fehqt\Proteus/EWL/lib/armv7e-m\libc.a(__strtoul.o)
 .debug_frame   0x00002950       0x2c C:\fehqt\Proteus/EWL/lib/armv7e-m\libc.a(__filll_mem.o)
 .debug_frame   0x0000297c       0x28 C:\fehqt\Proteus/EWL/lib/armv7e-m\libc.a(memchr.o)
 .debug_frame   0x000029a4       0x20 C:\fehqt\Proteus/EWL/lib/armv7e-m\libc.a(strchr.o)
 .debug_frame   0x000029c4       0x48 C:\fehqt\Proteus/EWL/lib/armv7e-m\librt.a(gcc_ctor_dtor.o)
 .debug_frame   0x00002a0c       0x48 C:\fehqt\Proteus/EWL/lib/armv7e-m\librt.a(ROMCopy.o)
 .debug_frame   0x00002a54       0xac C:\fehqt\Proteus/EWL/lib/armv7e-m\librt.a(__arm_eabi_init.o)
