Archive member included because of file (symbol)

C:\fehqt\Proteus/EWL/lib/armv7e-m\libc.a(sprintf.o)
                              Libraries\FEHLCD.o (sprintf)
C:\fehqt\Proteus/EWL/lib/armv7e-m\libc.a(vsnprintf.o)
                              C:\fehqt\Proteus/EWL/lib/armv7e-m\libc.a(sprintf.o) (vsnprintf)
C:\fehqt\Proteus/EWL/lib/armv7e-m\libc.a(exit.o)
                              Startup\__arm_start.o (exit)
C:\fehqt\Proteus/EWL/lib/armv7e-m\libc.a(memcpy.o)
                              C:\fehqt\Proteus/EWL/lib/armv7e-m\libc.a(vsnprintf.o) (memcpy)
C:\fehqt\Proteus/EWL/lib/armv7e-m\libc.a(memset.o)
                              Startup\__arm_start.o (memset)
C:\fehqt\Proteus/EWL/lib/armv7e-m\libc.a(strcmp.o)
                              Libraries\FEHLCD.o (strcmp)
C:\fehqt\Proteus/EWL/lib/armv7e-m\libc.a(strcpy.o)
                              Libraries\FEHLCD.o (strcpy)
C:\fehqt\Proteus/EWL/lib/armv7e-m\libc.a(strlen.o)
                              Libraries\FEHLCD.o (strlen)
C:\fehqt\Proteus/EWL/lib/armv7e-m\libc.a(printformat_.o)
                              (__pformatter_)
C:\fehqt\Proteus/EWL/lib/armv7e-m\libc.a(scanformat_.o)
                              (__sformatter)
C:\fehqt\Proteus/EWL/lib/armv7e-m\libc.a(ctype_aeabi.o)
                              C:\fehqt\Proteus/EWL/lib/armv7e-m\libc.a(scanformat_.o) (isspace)
C:\fehqt\Proteus/EWL/lib/armv7e-m\libc.a(__strtoul.o)
                              C:\fehqt\Proteus/EWL/lib/armv7e-m\libc.a(scanformat_.o) (__strtoul)
C:\fehqt\Proteus/EWL/lib/armv7e-m\libc.a(__filll_mem.o)
                              C:\fehqt\Proteus/EWL/lib/armv7e-m\libc.a(memset.o) (__fill_mem)
C:\fehqt\Proteus/EWL/lib/armv7e-m\libc.a(memchr.o)
                              C:\fehqt\Proteus/EWL/lib/armv7e-m\libc.a(printformat_.o) (memchr)
C:\fehqt\Proteus/EWL/lib/armv7e-m\libc.a(strchr.o)
                              C:\fehqt\Proteus/EWL/lib/armv7e-m\libc.a(printformat_.o) (strchr)
c:/fehqt/proteus/gcc/bin/../lib/gcc/arm-none-eabi/4.6.2/armv7e-m\libgcc.a(_arm_addsubdf3.o)
                              ..\main.o (__aeabi_dsub)
c:/fehqt/proteus/gcc/bin/../lib/gcc/arm-none-eabi/4.6.2/armv7e-m\libgcc.a(_arm_muldivdf3.o)
                              ..\main.o (__aeabi_dmul)
c:/fehqt/proteus/gcc/bin/../lib/gcc/arm-none-eabi/4.6.2/armv7e-m\libgcc.a(_arm_cmpdf2.o)
                              Drivers\ff.o (__aeabi_dcmplt)
c:/fehqt/proteus/gcc/bin/../lib/gcc/arm-none-eabi/4.6.2/armv7e-m\libgcc.a(_arm_fixdfsi.o)
                              ..\main.o (__aeabi_d2iz)
c:/fehqt/proteus/gcc/bin/../lib/gcc/arm-none-eabi/4.6.2/armv7e-m\libgcc.a(_arm_fixunsdfsi.o)
                              Libraries\FEHUtility.o (__aeabi_d2uiz)
c:/fehqt/proteus/gcc/bin/../lib/gcc/arm-none-eabi/4.6.2/armv7e-m\libgcc.a(_arm_truncdfsf2.o)
                              Libraries\FEHMotor.o (__aeabi_d2f)
c:/fehqt/proteus/gcc/bin/../lib/gcc/arm-none-eabi/4.6.2/armv7e-m\libgcc.a(_arm_addsubsf3.o)
                              Libraries\FEHLCD.o (__aeabi_fsub)
c:/fehqt/proteus/gcc/bin/../lib/gcc/arm-none-eabi/4.6.2/armv7e-m\libgcc.a(_arm_muldivsf3.o)
                              Drivers\mcg.o (__aeabi_fmul)
c:/fehqt/proteus/gcc/bin/../lib/gcc/arm-none-eabi/4.6.2/armv7e-m\libgcc.a(_arm_cmpsf2.o)
                              Libraries\FEHServo.o (__aeabi_fcmpeq)
c:/fehqt/proteus/gcc/bin/../lib/gcc/arm-none-eabi/4.6.2/armv7e-m\libgcc.a(_arm_fixsfsi.o)
                              Libraries\FEHLCD.o (__aeabi_f2iz)
c:/fehqt/proteus/gcc/bin/../lib/gcc/arm-none-eabi/4.6.2/armv7e-m\libgcc.a(_arm_fixunssfsi.o)
                              Drivers\mcg.o (__aeabi_f2uiz)
C:\fehqt\Proteus/EWL/lib/armv7e-m\librt.a(gcc_ctor_dtor.o)
                              Startup\__arm_start.o (__init_cpp)
C:\fehqt\Proteus/EWL/lib/armv7e-m\librt.a(ROMCopy.o)
                              Startup\__arm_start.o (__copy_rom_sections_to_ram)
C:\fehqt\Proteus/EWL/lib/armv7e-m\librt.a(__arm_eabi_init.o)
                              C:\fehqt\Proteus/EWL/lib/armv7e-m\libc.a(exit.o) (__destroy_global_chain)
C:\fehqt\Proteus/EWL/lib/armv7e-m\librt.a(New.o)
                              Libraries\FEHIO.o (operator new(unsigned int))
c:/fehqt/proteus/gcc/bin/../lib/gcc/arm-none-eabi/4.6.2/../../../../arm-none-eabi/lib/armv7e-m\libsupc++.a(class_type_info.o)
                              C:\fehqt\Proteus/EWL/lib/armv7e-m\librt.a(New.o) (vtable for __cxxabiv1::__class_type_info)
c:/fehqt/proteus/gcc/bin/../lib/gcc/arm-none-eabi/4.6.2/../../../../arm-none-eabi/lib/armv7e-m\libsupc++.a(eh_alloc.o)
                              C:\fehqt\Proteus/EWL/lib/armv7e-m\librt.a(New.o) (__cxa_allocate_exception)
c:/fehqt/proteus/gcc/bin/../lib/gcc/arm-none-eabi/4.6.2/../../../../arm-none-eabi/lib/armv7e-m\libsupc++.a(eh_arm.o)
                              C:\fehqt\Proteus/EWL/lib/armv7e-m\librt.a(New.o) (__cxa_end_cleanup)
c:/fehqt/proteus/gcc/bin/../lib/gcc/arm-none-eabi/4.6.2/../../../../arm-none-eabi/lib/armv7e-m\libsupc++.a(eh_aux_runtime.o)
[...]
Memory Configuration

Name             Origin             Length             Attributes
m_interrupts     0x0000c000         0x00000400         xr
m_cfmprotrom     0x0000c400         0x00000010         xr
m_text           0x0000c410         0x00073bf0         xr
m_data           0x1fff0400         0x0000fc00         xrw
m_data2          0x20000000         0x00010000         xrw
*default*        0x00000000         0xffffffff

Linker script and memory map

LOAD ..\main.o
LOAD Startup\__arm_start.o
LOAD Startup\__arm_end.o
LOAD Startup\kinetis_sysinit.o
LOAD Libraries\FEHMotor.o
LOAD Drivers\mcg.o
LOAD Drivers\i2c.o
LOAD Drivers\spi.o
LOAD Drivers\uart.o
LOAD Drivers\ff.o
LOAD Drivers\SDHC.o
LOAD Drivers\lptmr.o
LOAD FEHProteus.o
LOAD Drivers\FEHPropeller.o
LOAD Libraries\FEHUtility.o
LOAD Libraries\FEHIO.o
LOAD Drivers\adc16.o
LOAD Libraries\FEHBuzzer.o
LOAD Libraries\FEHServo.o
LOAD Libraries\FEHLCD.o
LOAD Libraries\FEHAccel.o
LOAD Libraries\FEHBattery.o
LOAD Drivers\FEHXBee.o
LOAD Libraries\FEHRPS.o
LOAD Libraries\FEHSD.o
                0x0004d460                __pformatter = __pformatter_
                [0x0004d858]                __sformatter = __sformatter
LOAD C:\fehqt\Proteus/EWL/lib/armv7e-m\libstdc++.a
LOAD C:\fehqt\Proteus/EWL/lib/armv7e-m\libm.a
START GROUP
LOAD C:\fehqt\Proteus/EWL/lib/armv7e-m\libc.a
LOAD C:\fehqt\Proteus/EWL/lib/armv7e-m\libc++.a
LOAD C:\fehqt\Proteus/EWL/lib/armv7e-m\libm.a
LOAD c:/fehqt/proteus/gcc/bin/../lib/gcc/arm-none-eabi/4.6.2/armv7e-m\libgcc.a
LOAD C:\fehqt\Proteus/EWL/lib/armv7e-m\librt.a
LOAD c:/fehqt/proteus/gcc/bin/../lib/gcc/arm-none-eabi/4.6.2/../../../../arm-none-eabi/lib/armv7e-m\libsupc++.a
END GROUP
                0x20000000                _estack = 0x20000000
                0x20000000                __SP_INIT = _estack
                0x00000800                __heap_size = 0x800
                0x00000800                __stack_size = 0x800

.interrupts     0x0000c000      0x1e0
                0x0000c000                __vector_table = .
                0x0000c000                . = ALIGN (0x4)
 *(.vectortable)
 .vectortable   0x0000c000      0x1e0 Startup\kinetis_sysinit.o
                0x0000c1e0                . = ALIGN (0x4)

.cfmprotect     0x0000c400        0x0
                0x0000c400                . = ALIGN (0x4)
 *(.cfmconfig)
                0x0000c400                . = ALIGN (0x4)

.text           0x0000c410    0x42340
                0x0000c410                . = ALIGN (0x4)
 *(.text)
 .text          0x0000c410      0x370 c:/fehqt/proteus/gcc/bin/../lib/gcc/arm-none-eabi/4.6.2/armv7e-m\libgcc.a(_arm_addsubdf3.o)
                0x0000c410                __aeabi_drsub
                0x0000c418                __aeabi_dsub
                0x0000c418                __subdf3
                0x0000c41c                __aeabi_dadd
                0x0000c41c                __adddf3
                0x0000c694                __floatunsidf
                0x0000c694                __aeabi_ui2d
                0x0000c6b4                __floatsidf
                0x0000c6b4                __aeabi_i2d
                0x0000c6d8                __aeabi_f2d
                0x0000c6d8                __extendsfdf2
                0x0000c714                __floatundidf
                0x0000c714                __aeabi_ul2d
                0x0000c724                __floatdidf
                0x0000c724                __aeabi_l2d
 .text          0x0000c780      0x424 c:/fehqt/proteus/gcc/bin/../lib/gcc/arm-none-eabi/4.6.2/armv7e-m\libgcc.a(_arm_muldivdf3.o)
                0x0000c780                __aeabi_dmul
                0x0000c780                __muldf3
                0x0000c9d4                __divdf3
                0x0000c9d4                __aeabi_ddiv
 .text          0x0000cba4       0x50 c:/fehqt/proteus/gcc/bin/../lib/gcc/arm-none-eabi/4.6.2/armv7e-m\libgcc.a(_arm_fixdfsi.o)
                0x0000cba4                __aeabi_d2iz
                0x0000cba4                __fixdfsi
 .text          0x0000cbf4       0x40 c:/fehqt/proteus/gcc/bin/../lib/gcc/arm-none-eabi/4.6.2/armv7e-m\libgcc.a(_arm_fixunsdfsi.o)
                0x0000cbf4                __aeabi_d2uiz
                0x0000cbf4                __fixunsdfsi
 .text          0x0000cc34       0xa0 c:/fehqt/proteus/gcc/bin/../lib/gcc/arm-none-eabi/4.6.2/armv7e-m\libgcc.a(_arm_truncdfsf2.o)
                0x0000cc34                __truncdfsf2
                0x0000cc34                __aeabi_d2f
 .text          0x0000ccd4      0x21c c:/fehqt/proteus/gcc/bin/../lib/gcc/arm-none-eabi/4.6.2/armv7e-m\libgcc.a(_arm_addsubsf3.o)
                0x0000ccd4                __aeabi_frsub
                0x0000ccdc                __subsf3
                0x0000ccdc                __aeabi_fsub
                0x0000cce0                __aeabi_fadd
                0x0000cce0                __addsf3
                0x0000ce40                __aeabi_ui2f
                0x0000ce40                __floatunsisf
                0x0000ce48                __aeabi_i2f
                0x0000ce48                __floatsisf
                0x0000ce64                __aeabi_ul2f
                0x0000ce64                __floatundisf
                0x0000ce74                __aeabi_l2f
                0x0000ce74                __floatdisf
 .text          0x0000cef0      0x2a0 c:/fehqt/proteus/gcc/bin/../lib/gcc/arm-none-eabi/4.6.2/armv7e-m\libgcc.a(_arm_muldivsf3.o)
                0x0000cef0                __mulsf3
                0x0000cef0                __aeabi_fmul
                0x0000d058                __aeabi_fdiv
                0x0000d058                __divsf3
 .text          0x0000d190       0xec c:/fehqt/proteus/gcc/bin/../lib/gcc/arm-none-eabi/4.6.2/armv7e-m\libgcc.a(_arm_cmpsf2.o)
                0x0000d190                __gesf2
                0x0000d190                __gtsf2
                0x0000d198                __lesf2
                0x0000d198                __ltsf2
                0x0000d1a0                __nesf2
                0x0000d1a0                __eqsf2
                0x0000d1a0                __cmpsf2
                0x0000d200                __aeabi_cfrcmple
                0x0000d208                __aeabi_cfcmpeq
                0x0000d208                __aeabi_cfcmple
                0x0000d218                __aeabi_fcmpeq
                0x0000d22c                __aeabi_fcmplt
                0x0000d240                __aeabi_fcmple
                0x0000d254                __aeabi_fcmpge
                0x0000d268                __aeabi_fcmpgt
 *(.text*)
 .text.main     0x0000d27c       0x84 ..\main.o
                0x0000d27c                main
 .text._Z8MainMenuv
                0x0000d300      0x6c0 ..\main.o
                0x0000d300                MainMenu()
 .text._Z8PlayGamev
                0x0000d9c0      0x1d8 ..\main.o
                0x0000d9c0                PlayGame()
 .text._Z9DrawFramediiii
                0x0000db98      0x16c ..\main.o
                0x0000db98                DrawFrame(double, int, int, int, int)
 .text._Z16InstructionsDispv
                0x0000dd04       0x90 ..\main.o
                0x0000dd04                InstructionsDisp()
 .text._Z9StatsDispv
                0x0000dd94       0x90 ..\main.o
                0x0000dd94                StatsDisp()
 .text._Z11CreditsDispv
                0x0000de24       0x90 ..\main.o
                0x0000de24                CreditsDisp()
 .text._Z9DrawDinoRii
                0x0000deb4    0x13270 ..\main.o
                0x0000deb4                DrawDinoR(int, int)
 .text._Z9DrawDinoLii
                0x00021124    0x132e0 ..\main.o
                0x00021124                DrawDinoL(int, int)
 .text._Z9DrawDinoJii
                0x00034404    0x132d0 ..\main.o
                0x00034404                DrawDinoJ(int, int)
 .text._Z9DrawDinoCii
                0x000476d4       0x14 ..\main.o
                0x000476d4                DrawDinoC(int, int)
 .text.zero_fill_bss
                0x000476e8       0x34 Startup\__arm_start.o
 .text.__thumb_startup
                0x0004771c       0x34 Startup\__arm_start.o
                0x0004771c                __thumb_startup
 .text.InitFEHProteus
                0x00047750      0x15c Startup\__arm_start.o
                0x00047750                InitFEHProteus
 .text.pll_init_bl
                0x000478ac      0x130 Startup\__arm_start.o
 .text.InitPowerButton
                0x000479dc       0x90 Startup\__arm_start.o
                0x000479dc                InitPowerButton
 .text._ExitProcess
                0x00047a6c        0xc Startup\__arm_end.o
                0x00047a6c                _ExitProcess
 .text.Default_Handler
                0x00047a78        0xc Startup\kinetis_sysinit.o
                0x00047a78                BusFault_Handler()
                0x00047a78                HardFault_Handler()
                0x00047a78                SysTick_Handler()
                0x00047a78                PendSV_Handler()
                0x00047a78                DebugMonitor_Handler()
                0x00047a78                MemManage_Handler()
                0x00047a78                NMI_Handler()
                0x00047a78                SVC_Handler()
                0x00047a78                Default_Handler
                0x00047a78                UsageFault_Handler()
 .text.__init_hardware
                0x00047a84       0x44 Startup\kinetis_sysinit.o
                0x00047a84                __init_hardware
 .text._Z8PortDISRv
                0x00047ac8       0x64 Startup\kinetis_sysinit.o
                0x00047ac8                PortDISR()
 .text._Z21IIC_StartTransmissionhh
                0x00047b2c       0x98 Drivers\i2c.o
                0x00047b2c                IIC_StartTransmission(unsigned char, unsigned char)
 .text._Z5Pausev
                0x00047bc4       0x34 Drivers\i2c.o
                0x00047bc4                Pause()
 .text._Z21MMA8451QWriteRegisterhh
                0x00047bf8      0x12c Drivers\i2c.o
                0x00047bf8                MMA8451QWriteRegister(unsigned char, unsigned char)
 .text._Z12SPI_SendCharh
                0x00047d24       0x1c Drivers\spi.o
                0x00047d24                SPI_SendChar(unsigned char)
 .text._Z16SPI_WriteCommandhh
                0x00047d40       0x34 Drivers\spi.o
                0x00047d40                SPI_WriteCommand(unsigned char, unsigned char)
 .text._Z11SPI_GetCharv
                0x00047d74       0x14 Drivers\spi.o
                0x00047d74                SPI_GetChar()
 .text._Z15SPI_ReadCommandh
                0x00047d88       0x3c Drivers\spi.o
                0x00047d88                SPI_ReadCommand(unsigned char)
 .text._Z13SPI_CS_Assertv
                0x00047dc4       0x24 Drivers\spi.o
                0x00047dc4                SPI_CS_Assert()
 .text._Z15SPI_CS_Deassertv
                0x00047de8       0x24 Drivers\spi.o
                0x00047de8                SPI_CS_Deassert()
 .text._Z12SPI_Transferh
                0x00047e0c       0x88 Drivers\spi.o
                0x00047e0c                SPI_Transfer(unsigned char)
 *fill*         0x00047e94        0x4 00
 .text._Z8SPI_Initv
                0x00047e98       0xe8 Drivers\spi.o
                0x00047e98                SPI_Init()
 .text._Z9uart_initPV11UART_MemMapii
                0x00047f80      0x20c Drivers\uart.o
                0x00047f80                uart_init(UART_MemMap volatile*, int, int)
 .text._Z12uart_getcharPV11UART_MemMap
                0x0004818c       0x34 Drivers\uart.o
                0x0004818c                uart_getchar(UART_MemMap volatile*)
 .text._ZL7mem_setPvij
                0x000481c0       0x44 Drivers\ff.o
 .text._ZL11move_windowP5FATFSm
                0x00048204       0xf0 Drivers\ff.o
 .text._ZL4syncP5FATFS
                0x000482f4      0x188 Drivers\ff.o
 .text._ZL8validateP5FATFSt
                0x0004847c       0x54 Drivers\ff.o
 .text._Z6f_syncP3FIL
                0x000484d0      0x1c0 Drivers\ff.o
                0x000484d0                f_sync(FIL*)
 .text._Z7f_closeP3FIL
                0x00048690       0x2c Drivers\ff.o
                0x00048690                f_close(FIL*)
 .text._ZL17SDHC_set_baudratemm
                0x000486bc      0x14c Drivers\SDHC.o
 .text._Z9SDHC_initP17esdhc_info_structPK17esdhc_init_struct
                0x00048808      0x1c4 Drivers\SDHC.o
                0x00048808                SDHC_init(esdhc_info_struct*, esdhc_init_struct const*)
 .text._ZL15SDHC_is_runningv
                0x000489cc       0x28 Drivers\SDHC.o
 .text._ZL16SDHC_status_waitm
                0x000489f4       0x38 Drivers\SDHC.o
 .text._ZL17SDHC_send_commandP20esdhc_command_struct
                0x00048a2c      0x2a0 Drivers\SDHC.o
 .text._Z10SDHC_ioctlmPv
                0x00048ccc      0x978 Drivers\SDHC.o
                0x00048ccc                SDHC_ioctl(unsigned long, void*)
 .text._ZL14rcvr_datablockPhm
                0x00049644      0x134 Drivers\SDHC.o
 .text._Z9disk_readhPhmh
                0x00049778      0x13c Drivers\SDHC.o
                0x00049778                disk_read(unsigned char, unsigned char*, unsigned long, unsigned char)
 .text._ZL14xmit_datablockPKhm
                0x000498b4       0xe0 Drivers\SDHC.o
 .text._Z10disk_writehPKhmh
                0x00049994      0x1cc Drivers\SDHC.o
                0x00049994                disk_write(unsigned char, unsigned char const*, unsigned long, unsigned char)
 .text._Z10disk_ioctlhhPv
                0x00049b60      0x128 Drivers\SDHC.o
                0x00049b60                disk_ioctl(unsigned char, unsigned char, void*)
 .text._Z11disk_statush
                0x00049c88       0x30 Drivers\SDHC.o
                0x00049c88                disk_status(unsigned char)
 .text._Z13time_delay_msm
                0x00049cb8       0xa4 Drivers\lptmr.o
                0x00049cb8                time_delay_ms(unsigned long)
 .text._Z41__static_initialization_and_destruction_0ii
                0x00049d5c       0x30 FEHProteus.o
 .text._GLOBAL__sub_I_Propeller
                0x00049d8c       0x14 FEHProteus.o
 .text._ZN12FEHPropellerC2Ev
                0x00049da0       0x20 Drivers\FEHPropeller.o
                0x00049da0                FEHPropeller::FEHPropeller()
                0x00049da0                FEHPropeller::FEHPropeller()
 .text._ZN12FEHPropeller10InitializeEv
                0x00049dc0       0x94 Drivers\FEHPropeller.o
                0x00049dc0                FEHPropeller::Initialize()
 .text._ZL5Delaymjj
                0x00049e54       0xc4 Libraries\FEHUtility.o
 .text._Z5Sleepi
                0x00049f18       0x34 Libraries\FEHUtility.o
                0x00049f18                Sleep(int)
 *fill*         0x00049f4c        0x4 00
 .text._Z5Sleepd
                0x00049f50       0x58 Libraries\FEHUtility.o
                0x00049f50                Sleep(double)
 .text._Z7TimeNowv
                0x00049fa8       0x70 Libraries\FEHUtility.o
                0x00049fa8                TimeNow()
 .text._Z9portB_isrv
                0x0004a018       0xd4 Libraries\FEHIO.o
                0x0004a018                portB_isr()
 .text._Z9portC_isrv
                0x0004a0ec       0xd8 Libraries\FEHIO.o
                0x0004a0ec                portC_isr()
 .text._Z9portA_isrv
                0x0004a1c4       0xd8 Libraries\FEHIO.o
                0x0004a1c4                portA_isr()
 .text._Z9portE_isrv
                0x0004a29c       0xd0 Libraries\FEHIO.o
                0x0004a29c                portE_isr()
 .text._ZN14AnalogInputPinC2EN5FEHIO8FEHIOPinE
                0x0004a36c       0x20 Libraries\FEHIO.o
                0x0004a36c                AnalogInputPin::AnalogInputPin(FEHIO::FEHIOPin)
                0x0004a36c                AnalogInputPin::AnalogInputPin(FEHIO::FEHIOPin)
 .text._ZN13AnalogEncoder12EncoderValueEv
                0x0004a38c       0xe4 Libraries\FEHIO.o
                0x0004a38c                AnalogEncoder::EncoderValue()
 .text._ZN14AnalogInputPin8InitADCsEv
                0x0004a470      0x120 Libraries\FEHIO.o
                0x0004a470                AnalogInputPin::InitADCs()
 .text._Z8pit0_isrv
                0x0004a590       0x34 Libraries\FEHIO.o
                0x0004a590                pit0_isr()
 .text._ZN13AnalogEncoder4InitEv
                0x0004a5c4       0x64 Libraries\FEHIO.o
                0x0004a5c4                AnalogEncoder::Init()
 .text._ZN13AnalogEncoder14SetCounterInitEj
                0x0004a628       0x20 Libraries\FEHIO.o
                0x0004a628                AnalogEncoder::SetCounterInit(unsigned int)
 .text._ZN13AnalogEncoder10ProcessIntEv
                0x0004a648       0x80 Libraries\FEHIO.o
                0x0004a648                AnalogEncoder::ProcessInt()
 .text._ZN13AnalogEncoder14ProcessIntSelfEv
                0x0004a6c8       0x80 Libraries\FEHIO.o
                0x0004a6c8                AnalogEncoder::ProcessIntSelf()
 .text._Z7ADC_CalPV10ADC_MemMap
                0x0004a748      0x14c Drivers\adc16.o
                0x0004a748                ADC_Cal(ADC_MemMap volatile*)
 .text._Z14ADC_Config_AltPV10ADC_MemMapP7adc_cfg
                0x0004a894       0x6c Drivers\adc16.o
                0x0004a894                ADC_Config_Alt(ADC_MemMap volatile*, adc_cfg*)
 .text._ZN9FEHBuzzerC2Ev
                0x0004a900       0x18 Libraries\FEHBuzzer.o
                0x0004a900                FEHBuzzer::FEHBuzzer()
                0x0004a900                FEHBuzzer::FEHBuzzer()
 .text._Z41__static_initialization_and_destruction_0ii
                0x0004a918       0x30 Libraries\FEHBuzzer.o
 .text._GLOBAL__sub_I_Buzzer
                0x0004a948       0x14 Libraries\FEHBuzzer.o
 .text._ZN6FEHLCD11_InitializeEv
                0x0004a95c      0x5dc Libraries\FEHLCD.o
                0x0004a95c                FEHLCD::_Initialize()
 .text._ZN6FEHLCDC2Ev
                0x0004af38       0x64 Libraries\FEHLCD.o
                0x0004af38                FEHLCD::FEHLCD()
                0x0004af38                FEHLCD::FEHLCD()
 .text._ZN6FEHLCD10InitializeEv
                0x0004af9c       0x38 Libraries\FEHLCD.o
                0x0004af9c                FEHLCD::Initialize()
 .text._ZN6FEHLCD10PrintImageEii
                0x0004afd4      0x100 Libraries\FEHLCD.o
                0x0004afd4                FEHLCD::PrintImage(int, int)
 .text._ZN6FEHLCD9PrintLogoEii
                0x0004b0d4      0x100 Libraries\FEHLCD.o
                0x0004b0d4                FEHLCD::PrintLogo(int, int)
 .text._ZN6FEHLCD22ConvertFEHColorTo24BitENS_11FEHLCDColorE
                0x0004b1d4       0x80 Libraries\FEHLCD.o
                0x0004b1d4                FEHLCD::ConvertFEHColorTo24Bit(FEHLCD::FEHLCDColor)
 .text._ZN6FEHLCD24Convert24BitColorTo16BitEj
                0x0004b254       0x40 Libraries\FEHLCD.o
                0x0004b254                FEHLCD::Convert24BitColorTo16Bit(unsigned int)
 .text._ZN6FEHLCD22ConvertRGBColorTo16BitEhhh
                0x0004b294       0x44 Libraries\FEHLCD.o
                0x0004b294                FEHLCD::ConvertRGBColorTo16Bit(unsigned char, unsigned char, unsigned char)
 .text._ZN6FEHLCD5ClearENS_11FEHLCDColorE
                0x0004b2d8       0x28 Libraries\FEHLCD.o
                0x0004b2d8                FEHLCD::Clear(FEHLCD::FEHLCDColor)
 .text._ZN6FEHLCD5ClearEj
                0x0004b300       0x2c Libraries\FEHLCD.o
                0x0004b300                FEHLCD::Clear(unsigned int)
 .text._ZN6FEHLCD5ClearEv
                0x0004b32c       0x18 Libraries\FEHLCD.o
                0x0004b32c                FEHLCD::Clear()
 .text._ZN6FEHLCD18SetBackgroundColorENS_11FEHLCDColorE
                0x0004b344       0x28 Libraries\FEHLCD.o
                0x0004b344                FEHLCD::SetBackgroundColor(FEHLCD::FEHLCDColor)
 .text._ZN6FEHLCD18SetBackgroundColorEj
                0x0004b36c       0x28 Libraries\FEHLCD.o
                0x0004b36c                FEHLCD::SetBackgroundColor(unsigned int)
 .text._ZN6FEHLCD12SetFontColorENS_11FEHLCDColorE
                0x0004b394       0x28 Libraries\FEHLCD.o
                0x0004b394                FEHLCD::SetFontColor(FEHLCD::FEHLCDColor)
 .text._ZN6FEHLCD12SetFontColorEj
                0x0004b3bc       0x28 Libraries\FEHLCD.o
                0x0004b3bc                FEHLCD::SetFontColor(unsigned int)
 .text._ZN6FEHLCD7WriteAtEPKcii
                0x0004b3e4       0x58 Libraries\FEHLCD.o
                0x0004b3e4                FEHLCD::WriteAt(char const*, int, int)
 .text._ZN6FEHLCD11TS_SPI_InitEv
                0x0004b43c       0xa8 Libraries\FEHLCD.o
                0x0004b43c                FEHLCD::TS_SPI_Init()
 *fill*         0x0004b4e4        0x4 00
 .text._ZN6FEHLCD5TouchEPfS0_
                0x0004b4e8      0x240 Libraries\FEHLCD.o
                0x0004b4e8                FEHLCD::Touch(float*, float*)
 .text._ZN6FEHLCD3absEi
                0x0004b728       0x28 Libraries\FEHLCD.o
                0x0004b728                FEHLCD::abs(int)
 .text._ZN6FEHLCD5WriteEPKc
                0x0004b750       0x5c Libraries\FEHLCD.o
                0x0004b750                FEHLCD::Write(char const*)
 .text._ZN6FEHLCD10WriteIndexEh
                0x0004b7ac      0x288 Libraries\FEHLCD.o
                0x0004b7ac                FEHLCD::WriteIndex(unsigned char)
 .text._ZN6FEHLCD14WriteParameterEh
                0x0004ba34      0x254 Libraries\FEHLCD.o
                0x0004ba34                FEHLCD::WriteParameter(unsigned char)
 .text._ZN6FEHLCD6_ClearEv
                0x0004bc88      0x228 Libraries\FEHLCD.o
                0x0004bc88                FEHLCD::_Clear()
 .text._ZN6FEHLCD8NextLineEv
                0x0004beb0       0x30 Libraries\FEHLCD.o
                0x0004beb0                FEHLCD::NextLine()
 .text._ZN6FEHLCD9CheckLineEv
                0x0004bee0       0x2c Libraries\FEHLCD.o
                0x0004bee0                FEHLCD::CheckLine()
 .text._ZN6FEHLCD8NextCharEv
                0x0004bf0c       0x34 Libraries\FEHLCD.o
                0x0004bf0c                FEHLCD::NextChar()
 .text._ZN6FEHLCD9DrawPixelEii
                0x0004bf40       0x30 Libraries\FEHLCD.o
                0x0004bf40                FEHLCD::DrawPixel(int, int)
 .text._Z4SwapRiS_
                0x0004bf70       0x28 Libraries\FEHLCD.o
                0x0004bf70                Swap(int&, int&)
 .text._ZN6FEHLCD18DrawHorizontalLineEiii
                0x0004bf98       0x7c Libraries\FEHLCD.o
                0x0004bf98                FEHLCD::DrawHorizontalLine(int, int, int)
 .text._ZN6FEHLCD13SetDrawRegionEiiii
                0x0004c014      0x10c Libraries\FEHLCD.o
                0x0004c014                FEHLCD::SetDrawRegion(int, int, int, int)
 .text._ZN6FEHLCD13FillRectangleEiiii
                0x0004c120       0x5c Libraries\FEHLCD.o
                0x0004c120                FEHLCD::FillRectangle(int, int, int, int)
 .text._ZN6FEHLCD9WriteCharEiic
                0x0004c17c       0x40 Libraries\FEHLCD.o
                0x0004c17c                FEHLCD::WriteChar(int, int, char)
 .text._ZN6FEHLCD11WriteCharAtEiic
                0x0004c1bc      0x278 Libraries\FEHLCD.o
                0x0004c1bc                FEHLCD::WriteCharAt(int, int, char)
 .text._ZN6FEHLCD11RepeatColorEv
                0x0004c434       0xbc Libraries\FEHLCD.o
                0x0004c434                FEHLCD::RepeatColor()
 .text._ZN6FEHLCD10_ForePixelEv
                0x0004c4f0      0x160 Libraries\FEHLCD.o
                0x0004c4f0                FEHLCD::_ForePixel()
 .text._ZN6FEHLCD10_BackPixelEv
                0x0004c650      0x160 Libraries\FEHLCD.o
                0x0004c650                FEHLCD::_BackPixel()
 .text._ZN6FEHLCD22SetRegisterColorValuesEv
                0x0004c7b0      0x4c0 Libraries\FEHLCD.o
                0x0004c7b0                FEHLCD::SetRegisterColorValues()
 .text._Z41__static_initialization_and_destruction_0ii
                0x0004cc70       0x30 Libraries\FEHLCD.o
 .text._GLOBAL__sub_I_image
                0x0004cca0       0x14 Libraries\FEHLCD.o
 .text._ZN8FEHAccelC2Ev
                0x0004ccb4       0x8c Libraries\FEHAccel.o
                0x0004ccb4                FEHAccel::FEHAccel()
                0x0004ccb4                FEHAccel::FEHAccel()
 .text._Z41__static_initialization_and_destruction_0ii
                0x0004cd40       0x30 Libraries\FEHAccel.o
 .text._GLOBAL__sub_I_Accel
                0x0004cd70       0x14 Libraries\FEHAccel.o
 .text._ZN10FEHBatteryC2EN5FEHIO8FEHIOPinE
                0x0004cd84       0x24 Libraries\FEHBattery.o
                0x0004cd84                FEHBattery::FEHBattery(FEHIO::FEHIOPin)
                0x0004cd84                FEHBattery::FEHBattery(FEHIO::FEHIOPin)
 .text._Z41__static_initialization_and_destruction_0ii
                0x0004cda8       0x34 Libraries\FEHBattery.o
 .text._GLOBAL__sub_I_Battery
                0x0004cddc       0x14 Libraries\FEHBattery.o
 .text._ZN7FEHXBeeC2Ev
                0x0004cdf0       0x20 Drivers\FEHXBee.o
                0x0004cdf0                FEHXBee::FEHXBee()
                0x0004cdf0                FEHXBee::FEHXBee()
 .text._ZN7FEHXBee17SetPacketCallBackEPFvPhhE
                0x0004ce10       0x20 Drivers\FEHXBee.o
                0x0004ce10                FEHXBee::SetPacketCallBack(void (*)(unsigned char*, unsigned char))
 .text._Z9UART0_ISRv
                0x0004ce30      0x174 Drivers\FEHXBee.o
                0x0004ce30                UART0_ISR()
 .text._ZN6FEHRPSC2Ev
                0x0004cfa4       0x88 Libraries\FEHRPS.o
                0x0004cfa4                FEHRPS::FEHRPS()
                0x0004cfa4                FEHRPS::FEHRPS()
 .text._Z14RPSDataProcessPhh
                0x0004d02c      0x164 Libraries\FEHRPS.o
                0x0004d02c                RPSDataProcess(unsigned char*, unsigned char)
 .text._Z41__static_initialization_and_destruction_0ii
                0x0004d190       0x30 Libraries\FEHRPS.o
 .text._GLOBAL__sub_I_RPS
                0x0004d1c0       0x14 Libraries\FEHRPS.o
 .text._ZN5FEHSDC2Ev
                0x0004d1d4       0x24 Libraries\FEHSD.o
                0x0004d1d4                FEHSD::FEHSD()
                0x0004d1d4                FEHSD::FEHSD()
 .text._ZN5FEHSD8CloseLogEv
                0x0004d1f8       0x38 Libraries\FEHSD.o
                0x0004d1f8                FEHSD::CloseLog()
 .text._Z41__static_initialization_and_destruction_0ii
                0x0004d230       0x30 Libraries\FEHSD.o
 .text._GLOBAL__sub_I_SD
                0x0004d260       0x14 Libraries\FEHSD.o
 .text.exit     0x0004d274       0x38 C:\fehqt\Proteus/EWL/lib/armv7e-m\libc.a(exit.o)
                0x0004d274                exit
 .text.memset   0x0004d2ac        0xc C:\fehqt\Proteus/EWL/lib/armv7e-m\libc.a(memset.o)
                0x0004d2ac                memset
 .text.strlen   0x0004d2b8       0x10 C:\fehqt\Proteus/EWL/lib/armv7e-m\libc.a(strlen.o)
                0x0004d2b8                strlen
 .text.long2str.isra.0
                0x0004d2c8      0x196 C:\fehqt\Proteus/EWL/lib/armv7e-m\libc.a(printformat_.o)
 *fill*         0x0004d45e        0x2 00
 .text.__pformatter_
                0x0004d460      0x3f8 C:\fehqt\Proteus/EWL/lib/armv7e-m\libc.a(printformat_.o)
                0x0004d460                __pformatter_
 .text.__sformatter
                0x0004d858      0x74e C:\fehqt\Proteus/EWL/lib/armv7e-m\libc.a(scanformat_.o)
                0x0004d858                __sformatter
 *fill*         0x0004dfa6        0x2 00
 .text.isalpha  0x0004dfa8       0x1c C:\fehqt\Proteus/EWL/lib/armv7e-m\libc.a(ctype_aeabi.o)
                0x0004dfa8                isalpha
 .text.isspace  0x0004dfc4       0x1c C:\fehqt\Proteus/EWL/lib/armv7e-m\libc.a(ctype_aeabi.o)
                0x0004dfc4                isspace
 .text.toupper  0x0004dfe0        0xc C:\fehqt\Proteus/EWL/lib/armv7e-m\libc.a(ctype_aeabi.o)
                0x0004dfe0                toupper
 .text.__strtoul
                0x0004dfec      0x1dc C:\fehqt\Proteus/EWL/lib/armv7e-m\libc.a(__strtoul.o)
                0x0004dfec                __strtoul
 .text.__fill_mem
                0x0004e1c8       0x76 C:\fehqt\Proteus/EWL/lib/armv7e-m\libc.a(__filll_mem.o)
                0x0004e1c8                __fill_mem
 .text.memchr   0x0004e23e       0x1a C:\fehqt\Proteus/EWL/lib/armv7e-m\libc.a(memchr.o)
                0x0004e23e                memchr
 .text.strchr   0x0004e258       0x1c C:\fehqt\Proteus/EWL/lib/armv7e-m\libc.a(strchr.o)
                0x0004e258                strchr
 .text.__init_cpp
                0x0004e274       0x4c C:\fehqt\Proteus/EWL/lib/armv7e-m\librt.a(gcc_ctor_dtor.o)
                0x0004e274                __init_cpp
 .text.__fini_cpp
                0x0004e2c0       0x34 C:\fehqt\Proteus/EWL/lib/armv7e-m\librt.a(gcc_ctor_dtor.o)
                0x0004e2c0                __fini_cpp
 .text.__copy_rom_section
                0x0004e2f4       0x44 C:\fehqt\Proteus/EWL/lib/armv7e-m\librt.a(ROMCopy.o)
                0x0004e2f4                __copy_rom_section
 .text.__copy_rom_sections_to_ram
                0x0004e338       0x34 C:\fehqt\Proteus/EWL/lib/armv7e-m\librt.a(ROMCopy.o)
                0x0004e338                __copy_rom_sections_to_ram
 .text.__destroy_global_chain
                0x0004e36c       0x1c C:\fehqt\Proteus/EWL/lib/armv7e-m\librt.a(__arm_eabi_init.o)
                0x0004e36c                __destroy_global_chain
 .text.__init_registers
                0x0004e388       0x20 C:\fehqt\Proteus/EWL/lib/armv7e-m\librt.a(__arm_eabi_init.o)
                0x0004e388                __init_registers
 .text.__init_user
                0x0004e3a8        0x4 C:\fehqt\Proteus/EWL/lib/armv7e-m\librt.a(__arm_eabi_init.o)
                0x0004e3a8                __init_user
 *(.rodata)
 .rodata        0x0004e3ac       0x40 ..\main.o
 .rodata        0x0004e3ec       0x78 Libraries\FEHIO.o
 .rodata        0x0004e464       0x34 Libraries\FEHLCD.o
 *(.rodata*)
 .rodata.K60_SDHC0_init
                0x0004e498        0xc Drivers\SDHC.o
                0x0004e498                K60_SDHC0_init
 .rodata._ZL21ESDHC_COMMAND_XFERTYP
                0x0004e4a4      0x100 Drivers\SDHC.o
 .rodata._ZL10ADCNumbers
                0x0004e5a4       0x24 Libraries\FEHIO.o
 .rodata._ZL16AnalogPinNumbers
                0x0004e5c8       0x84 Libraries\FEHIO.o
 .rodata.str1.1
                0x0004e64c        0x1 C:\fehqt\Proteus/EWL/lib/armv7e-m\libc.a(printformat_.o)
 .rodata.__aeabi_ctype_table_C
                0x0004e64d      0x101 C:\fehqt\Proteus/EWL/lib/armv7e-m\libc.a(ctype_aeabi.o)
                0x0004e64d                __aeabi_ctype_table_C
 *(.glue_7)
 .glue_7        0x00000000        0x0 linker stubs
 *(.glue_7t)
 .glue_7t       0x00000000        0x0 linker stubs
 *(.eh_frame)
 *(.init)
 *(.fini)
                0x0004e750                . = ALIGN (0x4)
 *fill*         0x0004e74e        0x2 00
                0x0004e750                _etext = .

.vfp11_veneer   0x0004e750        0x0
 .vfp11_veneer  0x00000000        0x0 linker stubs

.v4_bx          0x0004e750        0x0
 .v4_bx         0x00000000        0x0 linker stubs

.ARM.extab
 *(.ARM.extab* .gnu.linkonce.armextab.*)

.ARM            0x0004e750        0x0
                0x0004e750                __exidx_start = .
 *(.ARM.exidx*)
                0x0004e750                __exidx_end = .

.ctors          0x0004e750        0x0
                0x0004e750                __CTOR_LIST__ = .
 *crtbegin.o(.ctors)
 *(EXCLUDE_FILE(*crtend.o) .ctors)
 *(SORT(.ctors.*))
 *(.ctors)
                0x0004e750                __CTOR_END__ = .

.dtors          0x0004e750        0x0
                0x0004e750                __DTOR_LIST__ = .
 *crtbegin.o(.dtors)
 *(EXCLUDE_FILE(*crtend.o) .dtors)
 *(SORT(.dtors.*))
 *(.dtors)
                0x0004e750                __DTOR_END__ = .

.preinit_array  0x0004e750        0x0
                0x0004e750                PROVIDE (__preinit_array_start, .)
 *(.preinit_array*)
                0x0004e750                PROVIDE (__preinit_array_end, .)

.init_array     0x0004e750       0x1c
                0x0004e750                PROVIDE (__init_array_start, .)
 *(SORT(.init_array.*))
 *(.init_array*)
 .init_array    0x0004e750        0x4 FEHProteus.o
 .init_array    0x0004e754        0x4 Libraries\FEHBuzzer.o
 .init_array    0x0004e758        0x4 Libraries\FEHLCD.o
 .init_array    0x0004e75c        0x4 Libraries\FEHAccel.o
 .init_array    0x0004e760        0x4 Libraries\FEHBattery.o
 .init_array    0x0004e764        0x4 Libraries\FEHRPS.o
 .init_array    0x0004e768        0x4 Libraries\FEHSD.o
                0x0004e76c                PROVIDE (__init_array_end, .)

.fini_array     0x0004e76c        0x0
                0x0004e76c                PROVIDE (__fini_array_start, .)
 *(SORT(.fini_array.*))
 *(.fini_array*)
                0x0004e76c                PROVIDE (__fini_array_end, .)
                0x0004e76c                ___ROM_AT = .

.data           0x1fff0400      0xd1c load address 0x0004e76c
                0x1fff0400                . = ALIGN (0x4)
                0x1fff0400                _sdata = .
 *(.data)
 *(.data*)
 .data._ZL4Stat
                0x1fff0400        0x1 Drivers\SDHC.o
 *fill*         0x1fff0401        0x3 00
 .data.image    0x1fff0404      0x750 Libraries\FEHLCD.o
                0x1fff0404                image
 .data.logo     0x1fff0b54      0x3e8 Libraries\FEHLCD.o
                0x1fff0b54                logo
 .data._ZN6FEHLCD8fontDataE
                0x1fff0f3c      0x1e0 Libraries\FEHLCD.o
                0x1fff0f3c                FEHLCD::fontData
                0x1fff111c                . = ALIGN (0x4)
                0x1fff111c                _edata = .
                0x00000d1c                ___data_size = (_edata - _sdata)
                0x0004f488                ___m_data2_ROMStart = (___ROM_AT + SIZEOF (.data))

.user_data2     0x20000000        0x0 load address 0x0004f488
                0x20000000                . = ALIGN (0x4)
                0x20000000                ___m_data2_RAMStart = .
 *(.data2)
                0x20000000                ___m_data2_RAMEnd = .
                0x20000000                . = ALIGN (0x4)
                0x00000000                ___m_data2_ROMSize = (___m_data2_RAMEnd - ___m_data2_RAMStart)
                0x20000000                . = ALIGN (0x4)

.bss            0x1fff111c      0x5b0 load address 0x0004f488
                0x1fff111c                __START_BSS = .
                0x1fff111c                PROVIDE (__bss_start__, __START_BSS)
 *(.bss)
 *(.bss*)
 .bss._ZL4argv  0x1fff111c        0x4 Startup\__arm_start.o
 .bss.MasterTransmission
                0x1fff1120        0x1 Drivers\i2c.o
                0x1fff1120                MasterTransmission
 .bss.SlaveID   0x1fff1121        0x1 Drivers\i2c.o
                0x1fff1121                SlaveID
 *fill*         0x1fff1122        0x2 00
 .bss.SDHC_Card
                0x1fff1124       0x14 Drivers\SDHC.o
                0x1fff1124                SDHC_Card
 .bss.SDHC_Info
                0x1fff1138      0x204 Drivers\SDHC.o
                0x1fff1138                SDHC_Info
 .bss.SDHC_Device
                0x1fff133c        0x8 Drivers\SDHC.o
                0x1fff133c                SDHC_Device
 .bss.Propeller
                0x1fff1344        0x4 FEHProteus.o
                0x1fff1344                Propeller
 .bss.CoreClockKHz
                0x1fff1348        0x4 FEHProteus.o
                0x1fff1348                CoreClockKHz
 .bss.CoreClockMHz
                0x1fff134c        0x4 FEHProteus.o
                0x1fff134c                CoreClockMHz
 .bss.PeripheralClockKHz
                0x1fff1350        0x4 FEHProteus.o
                0x1fff1350                PeripheralClockKHz
 .bss._ZN14AnalogInputPin17Master_Adc_ConfigE
                0x1fff1354       0x10 Libraries\FEHIO.o
                0x1fff1354                AnalogInputPin::Master_Adc_Config
 .bss._ZN14AnalogInputPin18Encoder_Adc_ConfigE
                0x1fff1364       0x10 Libraries\FEHIO.o
                0x1fff1364                AnalogInputPin::Encoder_Adc_Config
 .bss.interrupt_counts
                0x1fff1374       0x80 Libraries\FEHIO.o
                0x1fff1374                interrupt_counts
 .bss._ZN13AnalogEncoder7pinListE
                0x1fff13f4        0x4 Libraries\FEHIO.o
                0x1fff13f4                AnalogEncoder::pinList
 .bss.__interrupt_counter
                0x1fff13f8        0x4 Libraries\FEHIO.o
                0x1fff13f8                __interrupt_counter
 .bss.Buzzer    0x1fff13fc        0x4 Libraries\FEHBuzzer.o
                0x1fff13fc                Buzzer
 .bss.LCD       0x1fff1400       0x44 Libraries\FEHLCD.o
                0x1fff1400                LCD
 .bss.initialized
                0x1fff1444        0x1 Libraries\FEHLCD.o
                0x1fff1444                initialized
 *fill*         0x1fff1445        0x3 00
 .bss.Accel     0x1fff1448        0x4 Libraries\FEHAccel.o
                0x1fff1448                Accel
 .bss.Battery   0x1fff144c        0x4 Libraries\FEHBattery.o
                0x1fff144c                Battery
 .bss.XBeeDataProcess
                0x1fff1450        0x4 Drivers\FEHXBee.o
                0x1fff1450                XBeeDataProcess
 .bss._xbeebuffer
                0x1fff1454       0x10 Drivers\FEHXBee.o
                0x1fff1454                _xbeebuffer
 .bss._xbeebufferindex
                0x1fff1464        0x1 Drivers\FEHXBee.o
                0x1fff1464                _xbeebufferindex
 .bss._xbeestate
                0x1fff1465        0x1 Drivers\FEHXBee.o
                0x1fff1465                _xbeestate
 .bss._xbeebytereceived
                0x1fff1466        0x1 Drivers\FEHXBee.o
                0x1fff1466                _xbeebytereceived
 .bss._xbeebyte
                0x1fff1467        0x1 Drivers\FEHXBee.o
                0x1fff1467                _xbeebyte
 .bss.RPS       0x1fff1468        0x8 Libraries\FEHRPS.o
                0x1fff1468                RPS
 .bss._enabled  0x1fff1470        0x1 Libraries\FEHRPS.o
                0x1fff1470                _enabled
 *fill*         0x1fff1471        0x3 00
 .bss._RPS_x    0x1fff1474        0x4 Libraries\FEHRPS.o
                0x1fff1474                _RPS_x
 .bss._RPS_y    0x1fff1478        0x4 Libraries\FEHRPS.o
                0x1fff1478                _RPS_y
 .bss._RPS_heading
                0x1fff147c        0x4 Libraries\FEHRPS.o
                0x1fff147c                _RPS_heading
 .bss._RPS_objective
                0x1fff1480        0x4 Libraries\FEHRPS.o
                0x1fff1480                _RPS_objective
 .bss._RPS_time
                0x1fff1484        0x1 Libraries\FEHRPS.o
                0x1fff1484                _RPS_time
 .bss._RPS_stop
                0x1fff1485        0x1 Libraries\FEHRPS.o
                0x1fff1485                _RPS_stop
 .bss._RPS_foundpacket
                0x1fff1486        0x1 Libraries\FEHRPS.o
                0x1fff1486                _RPS_foundpacket
 *fill*         0x1fff1487        0x1 00
 .bss.SD        0x1fff1488        0x4 Libraries\FEHSD.o
                0x1fff1488                SD
 .bss.logfil    0x1fff148c      0x228 Libraries\FEHSD.o
                0x1fff148c                logfil
 .bss.__stdio_exit
                0x1fff16b4        0x4 C:\fehqt\Proteus/EWL/lib/armv7e-m\libc.a(exit.o)
                0x1fff16b4                __stdio_exit
 .bss.__console_exit
                0x1fff16b8        0x4 C:\fehqt\Proteus/EWL/lib/armv7e-m\libc.a(exit.o)
                0x1fff16b8                __console_exit
 .bss.__S_romp  0x1fff16bc        0xc C:\fehqt\Proteus/EWL/lib/armv7e-m\librt.a(ROMCopy.o)
 .bss.__global_destructor_chain
                0x1fff16c8        0x4 C:\fehqt\Proteus/EWL/lib/armv7e-m\librt.a(__arm_eabi_init.o)
                0x1fff16c8                __global_destructor_chain
 *(COMMON)
                0x1fff16cc                . = ALIGN (0x4)
                0x1fff16cc                __END_BSS = .
                0x1fff16cc                PROVIDE (__bss_end__, __END_BSS)

._user_heap_stack
                0x1fff16cc     0x1000 load address 0x0004fa38
                0x1fff16cc                . = ALIGN (0x4)
                0x1fff16cc                PROVIDE (end, .)
                0x1fff16cc                PROVIDE (_end, .)
                0x1fff16cc                __heap_addr = .
                0x1fff1ecc                . = (. + __heap_size)
 *fill*         0x1fff16cc      0x800 00
                0x1fff26cc                . = (. + __stack_size)
 *fill*         0x1fff1ecc      0x800 00
                0x1fff26cc                . = ALIGN (0x4)
                0x0004f488                _romp_at = ((___ROM_AT + SIZEOF (.data)) + SIZEOF (.user_data2))

.romp           0x20000000       0x24 load address 0x0004f488
                0x0004f488                __S_romp = _romp_at
                0x20000000        0x4 LONG 0x4e76c ___ROM_AT
                0x20000004        0x4 LONG 0x1fff0400 _sdata
                0x20000008        0x4 LONG 0xd1c ___data_size
                0x2000000c        0x4 LONG 0x4f488 ___m_data2_ROMStart
                0x20000010        0x4 LONG 0x20000000 ___m_data2_RAMStart
                0x20000014        0x4 LONG 0x0 ___m_data2_ROMSize
                0x20000018        0x4 LONG 0x0
                0x2000001c        0x4 LONG 0x0
                0x20000020        0x4 LONG 0x0

.ARM.attributes
                0x00000000       0x33
 *(.ARM.attributes)
 .ARM.attributes
                0x00000000       0x33 ..\main.o
 .ARM.attributes
                0x00000033       0x33 Startup\__arm_start.o
 .ARM.attributes
                0x00000066       0x33 Startup\__arm_end.o
 .ARM.attributes
                0x00000099       0x33 Startup\kinetis_sysinit.o
 .ARM.attributes
                0x000000cc       0x33 Drivers\i2c.o
 .ARM.attributes
                0x000000ff       0x33 Drivers\spi.o
 .ARM.attributes
                0x00000132       0x33 Drivers\uart.o
 .ARM.attributes
                0x00000165       0x33 Drivers\ff.o
 .ARM.attributes
                0x00000198       0x33 Drivers\SDHC.o
 .ARM.attributes
                0x000001cb       0x33 Drivers\lptmr.o
 .ARM.attributes
                0x000001fe       0x33 FEHProteus.o
 .ARM.attributes
                0x00000231       0x33 Drivers\FEHPropeller.o
 .ARM.attributes
                0x00000264       0x33 Libraries\FEHUtility.o
 .ARM.attributes
                0x00000297       0x33 Libraries\FEHIO.o
 .ARM.attributes
                0x000002ca       0x33 Drivers\adc16.o
 .ARM.attributes
                0x000002fd       0x33 Libraries\FEHBuzzer.o
 .ARM.attributes
                0x00000330       0x33 Libraries\FEHLCD.o
 .ARM.attributes
                0x00000363       0x33 Libraries\FEHAccel.o
 .ARM.attributes
                0x00000396       0x33 Libraries\FEHBattery.o
 .ARM.attributes
                0x000003c9       0x33 Drivers\FEHXBee.o
 .ARM.attributes
                0x000003fc       0x33 Libraries\FEHRPS.o
 .ARM.attributes
                0x0000042f       0x33 Libraries\FEHSD.o
 .ARM.attributes
                0x00000462       0x33 C:\fehqt\Proteus/EWL/lib/armv7e-m\libc.a(exit.o)
 .ARM.attributes
                0x00000495       0x33 C:\fehqt\Proteus/EWL/lib/armv7e-m\libc.a(memset.o)
 .ARM.attributes
                0x000004c8       0x33 C:\fehqt\Proteus/EWL/lib/armv7e-m\libc.a(strlen.o)
 .ARM.attributes
                0x000004fb       0x33 C:\fehqt\Proteus/EWL/lib/armv7e-m\libc.a(printformat_.o)
 .ARM.attributes
                0x0000052e       0x33 C:\fehqt\Proteus/EWL/lib/armv7e-m\libc.a(scanformat_.o)
 .ARM.attributes
                0x00000561       0x33 C:\fehqt\Proteus/EWL/lib/armv7e-m\libc.a(ctype_aeabi.o)
 .ARM.attributes
                0x00000594       0x33 C:\fehqt\Proteus/EWL/lib/armv7e-m\libc.a(__strtoul.o)
 .ARM.attributes
                0x000005c7       0x33 C:\fehqt\Proteus/EWL/lib/armv7e-m\libc.a(__filll_mem.o)
 .ARM.attributes
                0x000005fa       0x33 C:\fehqt\Proteus/EWL/lib/armv7e-m\libc.a(memchr.o)
 .ARM.attributes
                0x0000062d       0x33 C:\fehqt\Proteus/EWL/lib/armv7e-m\libc.a(strchr.o)
 .ARM.attributes
                0x00000660       0x1e c:/fehqt/proteus/gcc/bin/../lib/gcc/arm-none-eabi/4.6.2/armv7e-m\libgcc.a(_arm_addsubdf3.o)
 .ARM.attributes
                0x0000067e       0x1e c:/fehqt/proteus/gcc/bin/../lib/gcc/arm-none-eabi/4.6.2/armv7e-m\libgcc.a(_arm_muldivdf3.o)
 .ARM.attributes
                0x0000069c       0x1e c:/fehqt/proteus/gcc/bin/../lib/gcc/arm-none-eabi/4.6.2/armv7e-m\libgcc.a(_arm_fixdfsi.o)
 .ARM.attributes
                0x000006ba       0x1e c:/fehqt/proteus/gcc/bin/../lib/gcc/arm-none-eabi/4.6.2/armv7e-m\libgcc.a(_arm_fixunsdfsi.o)
 .ARM.attributes
                0x000006d8       0x1e c:/fehqt/proteus/gcc/bin/../lib/gcc/arm-none-eabi/4.6.2/armv7e-m\libgcc.a(_arm_truncdfsf2.o)
 .ARM.attributes
                0x000006f6       0x1e c:/fehqt/proteus/gcc/bin/../lib/gcc/arm-none-eabi/4.6.2/armv7e-m\libgcc.a(_arm_addsubsf3.o)
 .ARM.attributes
                0x00000714       0x1e c:/fehqt/proteus/gcc/bin/../lib/gcc/arm-none-eabi/4.6.2/armv7e-m\libgcc.a(_arm_muldivsf3.o)
 .ARM.attributes
                0x00000732       0x1e c:/fehqt/proteus/gcc/bin/../lib/gcc/arm-none-eabi/4.6.2/armv7e-m\libgcc.a(_arm_cmpsf2.o)
 .ARM.attributes
                0x00000750       0x33 C:\fehqt\Proteus/EWL/lib/armv7e-m\librt.a(gcc_ctor_dtor.o)
 .ARM.attributes
                0x00000783       0x33 C:\fehqt\Proteus/EWL/lib/armv7e-m\librt.a(ROMCopy.o)
 .ARM.attributes
                0x000007b6       0x33 C:\fehqt\Proteus/EWL/lib/armv7e-m\librt.a(__arm_eabi_init.o)
OUTPUT(../DinoGame.elf elf32-littlearm)

.debug_info     0x00000000    0x1216c
 .debug_info    0x00000000      0xdcb ..\main.o
 .debug_info    0x00000dcb     0x12c5 Startup\__arm_start.o
 .debug_info    0x00002090       0x58 Startup\__arm_end.o
 .debug_info    0x000020e8      0x57d Startup\kinetis_sysinit.o
 .debug_info    0x00002665      0x250 Drivers\i2c.o
 .debug_info    0x000028b5      0x6cf Drivers\spi.o
 .debug_info    0x00002f84      0x59c Drivers\uart.o
 .debug_info    0x00003520     0x1da0 Drivers\ff.o
 .debug_info    0x000052c0      0xf1d Drivers\SDHC.o
 .debug_info    0x000061dd      0x2de Drivers\lptmr.o
 .debug_info    0x000064bb      0x1a7 FEHProteus.o
 .debug_info    0x00006662      0x722 Drivers\FEHPropeller.o
 .debug_info    0x00006d84      0x36c Libraries\FEHUtility.o
 .debug_info    0x000070f0     0x1c6a Libraries\FEHIO.o
 .debug_info    0x00008d5a      0x4ab Drivers\adc16.o
 .debug_info    0x00009205      0xa42 Libraries\FEHBuzzer.o
 .debug_info    0x00009c47     0x2c25 Libraries\FEHLCD.o
 .debug_info    0x0000c86c      0x26a Libraries\FEHAccel.o
 .debug_info    0x0000cad6      0x3a9 Libraries\FEHBattery.o
 .debug_info    0x0000ce7f      0xac3 Drivers\FEHXBee.o
 .debug_info    0x0000d942     0x19c7 Libraries\FEHRPS.o
 .debug_info    0x0000f309     0x1242 Libraries\FEHSD.o
 .debug_info    0x0001054b      0x103 C:\fehqt\Proteus/EWL/lib/armv7e-m\libc.a(exit.o)
 .debug_info    0x0001064e       0xf4 C:\fehqt\Proteus/EWL/lib/armv7e-m\libc.a(memset.o)
 .debug_info    0x00010742       0xf3 C:\fehqt\Proteus/EWL/lib/armv7e-m\libc.a(strlen.o)
 .debug_info    0x00010835      0x512 C:\fehqt\Proteus/EWL/lib/armv7e-m\libc.a(printformat_.o)
 .debug_info    0x00010d47      0x564 C:\fehqt\Proteus/EWL/lib/armv7e-m\libc.a(scanformat_.o)
 .debug_info    0x000112ab      0x32a C:\fehqt\Proteus/EWL/lib/armv7e-m\libc.a(ctype_aeabi.o)
 .debug_info    0x000115d5      0x1d7 C:\fehqt\Proteus/EWL/lib/armv7e-m\libc.a(__strtoul.o)
 .debug_info    0x000117ac      0x13d C:\fehqt\Proteus/EWL/lib/armv7e-m\libc.a(__filll_mem.o)
 .debug_info    0x000118e9      0x129 C:\fehqt\Proteus/EWL/lib/armv7e-m\libc.a(memchr.o)
 .debug_info    0x00011a12      0x110 C:\fehqt\Proteus/EWL/lib/armv7e-m\libc.a(strchr.o)
 .debug_info    0x00011b22      0x1c0 C:\fehqt\Proteus/EWL/lib/armv7e-m\librt.a(gcc_ctor_dtor.o)
 .debug_info    0x00011ce2      0x1b8 C:\fehqt\Proteus/EWL/lib/armv7e-m\librt.a(ROMCopy.o)
 .debug_info    0x00011e9a      0x2d2 C:\fehqt\Proteus/EWL/lib/armv7e-m\librt.a(__arm_eabi_init.o)

.debug_abbrev   0x00000000     0x3643
 .debug_abbrev  0x00000000      0x248 ..\main.o
 .debug_abbrev  0x00000248      0x28f Startup\__arm_start.o
 .debug_abbrev  0x000004d7       0x45 Startup\__arm_end.o
 .debug_abbrev  0x0000051c      0x18a Startup\kinetis_sysinit.o
 .debug_abbrev  0x000006a6       0xfc Drivers\i2c.o
 .debug_abbrev  0x000007a2      0x18b Drivers\spi.o
 .debug_abbrev  0x0000092d      0x15f Drivers\uart.o
 .debug_abbrev  0x00000a8c      0x18f Drivers\ff.o
 .debug_abbrev  0x00000c1b      0x223 Drivers\SDHC.o
 .debug_abbrev  0x00000e3e       0xd2 Drivers\lptmr.o
 .debug_abbrev  0x00000f10      0x101 FEHProteus.o
 .debug_abbrev  0x00001011      0x1c6 Drivers\FEHPropeller.o
 .debug_abbrev  0x000011d7      0x154 Libraries\FEHUtility.o
 .debug_abbrev  0x0000132b      0x448 Libraries\FEHIO.o
 .debug_abbrev  0x00001773      0x12a Drivers\adc16.o
 .debug_abbrev  0x0000189d      0x1da Libraries\FEHBuzzer.o
 .debug_abbrev  0x00001a77      0x38c Libraries\FEHLCD.o
 .debug_abbrev  0x00001e03      0x13b Libraries\FEHAccel.o
 .debug_abbrev  0x00001f3e      0x1cb Libraries\FEHBattery.o
 .debug_abbrev  0x00002109      0x231 Drivers\FEHXBee.o
 .debug_abbrev  0x0000233a      0x37f Libraries\FEHRPS.o
 .debug_abbrev  0x000026b9      0x33a Libraries\FEHSD.o
 .debug_abbrev  0x000029f3       0x8f C:\fehqt\Proteus/EWL/lib/armv7e-m\libc.a(exit.o)
 .debug_abbrev  0x00002a82       0x66 C:\fehqt\Proteus/EWL/lib/armv7e-m\libc.a(memset.o)
 .debug_abbrev  0x00002ae8       0x7e C:\fehqt\Proteus/EWL/lib/armv7e-m\libc.a(strlen.o)
 .debug_abbrev  0x00002b66      0x204 C:\fehqt\Proteus/EWL/lib/armv7e-m\libc.a(printformat_.o)
 .debug_abbrev  0x00002d6a      0x1fb C:\fehqt\Proteus/EWL/lib/armv7e-m\libc.a(scanformat_.o)
 .debug_abbrev  0x00002f65       0x9a C:\fehqt\Proteus/EWL/lib/armv7e-m\libc.a(ctype_aeabi.o)
 .debug_abbrev  0x00002fff       0xc6 C:\fehqt\Proteus/EWL/lib/armv7e-m\libc.a(__strtoul.o)
 .debug_abbrev  0x000030c5       0x8b C:\fehqt\Proteus/EWL/lib/armv7e-m\libc.a(__filll_mem.o)
 .debug_abbrev  0x00003150       0x99 C:\fehqt\Proteus/EWL/lib/armv7e-m\libc.a(memchr.o)
 .debug_abbrev  0x000031e9       0x8d C:\fehqt\Proteus/EWL/lib/armv7e-m\libc.a(strchr.o)
 .debug_abbrev  0x00003276       0x9d C:\fehqt\Proteus/EWL/lib/armv7e-m\librt.a(gcc_ctor_dtor.o)
 .debug_abbrev  0x00003313      0x160 C:\fehqt\Proteus/EWL/lib/armv7e-m\librt.a(ROMCopy.o)
 .debug_abbrev  0x00003473      0x1d0 C:\fehqt\Proteus/EWL/lib/armv7e-m\librt.a(__arm_eabi_init.o)

.debug_loc      0x00000000     0x62c5
 .debug_loc     0x00000000      0x269 ..\main.o
 .debug_loc     0x00000269       0xb0 Startup\__arm_start.o
 .debug_loc     0x00000319       0x38 Startup\__arm_end.o
 .debug_loc     0x00000351       0x84 Startup\kinetis_sysinit.o
 .debug_loc     0x000003d5       0xe0 Drivers\i2c.o
 .debug_loc     0x000004b5      0x19c Drivers\spi.o
 .debug_loc     0x00000651       0xe0 Drivers\uart.o
 .debug_loc     0x00000731      0xa96 Drivers\ff.o
 .debug_loc     0x000011c7      0x370 Drivers\SDHC.o
 .debug_loc     0x00001537       0x38 Drivers\lptmr.o
 .debug_loc     0x0000156f       0x64 FEHProteus.o
 .debug_loc     0x000015d3      0x118 Drivers\FEHPropeller.o
 .debug_loc     0x000016eb      0x1a8 Libraries\FEHUtility.o
 .debug_loc     0x00001893      0x8d6 Libraries\FEHIO.o
 .debug_loc     0x00002169       0xa8 Drivers\adc16.o
 .debug_loc     0x00002211      0x304 Libraries\FEHBuzzer.o
 .debug_loc     0x00002515     0x1147 Libraries\FEHLCD.o
 .debug_loc     0x0000365c      0x144 Libraries\FEHAccel.o
 .debug_loc     0x000037a0       0xd4 Libraries\FEHBattery.o
 .debug_loc     0x00003874      0x1c0 Drivers\FEHXBee.o
 .debug_loc     0x00003a34      0x3e8 Libraries\FEHRPS.o
 .debug_loc     0x00003e1c      0x188 Libraries\FEHSD.o
 .debug_loc     0x00003fa4       0x3e C:\fehqt\Proteus/EWL/lib/armv7e-m\libc.a(exit.o)
 .debug_loc     0x00003fe2       0x64 C:\fehqt\Proteus/EWL/lib/armv7e-m\libc.a(memset.o)
 .debug_loc     0x00004046       0x31 C:\fehqt\Proteus/EWL/lib/armv7e-m\libc.a(strlen.o)
 .debug_loc     0x00004077     0x106f C:\fehqt\Proteus/EWL/lib/armv7e-m\libc.a(printformat_.o)
 .debug_loc     0x000050e6      0x8cb C:\fehqt\Proteus/EWL/lib/armv7e-m\libc.a(scanformat_.o)
 .debug_loc     0x000059b1      0x18e C:\fehqt\Proteus/EWL/lib/armv7e-m\libc.a(ctype_aeabi.o)
 .debug_loc     0x00005b3f      0x2ad C:\fehqt\Proteus/EWL/lib/armv7e-m\libc.a(__strtoul.o)
 .debug_loc     0x00005dec      0x12c C:\fehqt\Proteus/EWL/lib/armv7e-m\libc.a(__filll_mem.o)
 .debug_loc     0x00005f18       0x82 C:\fehqt\Proteus/EWL/lib/armv7e-m\libc.a(memchr.o)
 .debug_loc     0x00005f9a       0x78 C:\fehqt\Proteus/EWL/lib/armv7e-m\libc.a(strchr.o)
 .debug_loc     0x00006012       0xbe C:\fehqt\Proteus/EWL/lib/armv7e-m\librt.a(gcc_ctor_dtor.o)
 .debug_loc     0x000060d0       0x9b C:\fehqt\Proteus/EWL/lib/armv7e-m\librt.a(ROMCopy.o)
 .debug_loc     0x0000616b      0x15a C:\fehqt\Proteus/EWL/lib/armv7e-m\librt.a(__arm_eabi_init.o)

.debug_aranges  0x00000000      0xdb8
 .debug_aranges
                0x00000000       0x70 ..\main.o
 .debug_aranges
                0x00000070       0x48 Startup\__arm_start.o
 .debug_aranges
                0x000000b8       0x20 Startup\__arm_end.o
 .debug_aranges
                0x000000d8       0x30 Startup\kinetis_sysinit.o
 .debug_aranges
                0x00000108       0x38 Drivers\i2c.o
 .debug_aranges
                0x00000140       0x58 Drivers\spi.o
 .debug_aranges
                0x00000198       0x38 Drivers\uart.o
 .debug_aranges
                0x000001d0      0x198 Drivers\ff.o
 .debug_aranges
                0x00000368       0x98 Drivers\SDHC.o
 .debug_aranges
                0x00000400       0x20 Drivers\lptmr.o
 .debug_aranges
                0x00000420       0x28 FEHProteus.o
 .debug_aranges
                0x00000448       0x40 Drivers\FEHPropeller.o
 .debug_aranges
                0x00000488       0x58 Libraries\FEHUtility.o
 .debug_aranges
                0x000004e0      0x160 Libraries\FEHIO.o
 .debug_aranges
                0x00000640       0x30 Drivers\adc16.o
 .debug_aranges
                0x00000670       0x88 Libraries\FEHBuzzer.o
 .debug_aranges
                0x000006f8      0x290 Libraries\FEHLCD.o
 .debug_aranges
                0x00000988       0x48 Libraries\FEHAccel.o
 .debug_aranges
                0x000009d0       0x38 Libraries\FEHBattery.o
 .debug_aranges
                0x00000a08       0x58 Drivers\FEHXBee.o
 .debug_aranges
                0x00000a60       0xa8 Libraries\FEHRPS.o
 .debug_aranges
                0x00000b08       0x50 Libraries\FEHSD.o
 .debug_aranges
                0x00000b58       0x20 C:\fehqt\Proteus/EWL/lib/armv7e-m\libc.a(exit.o)
 .debug_aranges
                0x00000b78       0x20 C:\fehqt\Proteus/EWL/lib/armv7e-m\libc.a(memset.o)
 .debug_aranges
                0x00000b98       0x20 C:\fehqt\Proteus/EWL/lib/armv7e-m\libc.a(strlen.o)
 .debug_aranges
                0x00000bb8       0x28 C:\fehqt\Proteus/EWL/lib/armv7e-m\libc.a(printformat_.o)
 .debug_aranges
                0x00000be0       0x20 C:\fehqt\Proteus/EWL/lib/armv7e-m\libc.a(scanformat_.o)
 .debug_aranges
                0x00000c00       0x88 C:\fehqt\Proteus/EWL/lib/armv7e-m\libc.a(ctype_aeabi.o)
 .debug_aranges
                0x00000c88       0x20 C:\fehqt\Proteus/EWL/lib/armv7e-m\libc.a(__strtoul.o)
 .debug_aranges
                0x00000ca8       0x20 C:\fehqt\Proteus/EWL/lib/armv7e-m\libc.a(__filll_mem.o)
 .debug_aranges
                0x00000cc8       0x20 C:\fehqt\Proteus/EWL/lib/armv7e-m\libc.a(memchr.o)
 .debug_aranges
                0x00000ce8       0x20 C:\fehqt\Proteus/EWL/lib/armv7e-m\libc.a(strchr.o)
 .debug_aranges
                0x00000d08       0x28 C:\fehqt\Proteus/EWL/lib/armv7e-m\librt.a(gcc_ctor_dtor.o)
 .debug_aranges
                0x00000d30       0x30 C:\fehqt\Proteus/EWL/lib/armv7e-m\librt.a(ROMCopy.o)
 .debug_aranges
                0x00000d60       0x58 C:\fehqt\Proteus/EWL/lib/armv7e-m\librt.a(__arm_eabi_init.o)

.debug_line     0x00000000     0x9aec
 .debug_line    0x00000000     0x2d1f ..\main.o
 .debug_line    0x00002d1f      0x3ad Startup\__arm_start.o
 .debug_line    0x000030cc      0x21a Startup\__arm_end.o
 .debug_line    0x000032e6      0x283 Startup\kinetis_sysinit.o
 .debug_line    0x00003569      0x2ad Drivers\i2c.o
 .debug_line    0x00003816      0x295 Drivers\spi.o
 .debug_line    0x00003aab      0x212 Drivers\uart.o
 .debug_line    0x00003cbd     0x1114 Drivers\ff.o
 .debug_line    0x00004dd1      0x678 Drivers\SDHC.o
 .debug_line    0x00005449      0x1c0 Drivers\lptmr.o
 .debug_line    0x00005609      0x1da FEHProteus.o
 .debug_line    0x000057e3      0x264 Drivers\FEHPropeller.o
 .debug_line    0x00005a47      0x282 Libraries\FEHUtility.o
 .debug_line    0x00005cc9      0x6ee Libraries\FEHIO.o
 .debug_line    0x000063b7      0x20f Drivers\adc16.o
 .debug_line    0x000065c6      0x2df Libraries\FEHBuzzer.o
 .debug_line    0x000068a5     0x1151 Libraries\FEHLCD.o
 .debug_line    0x000079f6      0x23f Libraries\FEHAccel.o
 .debug_line    0x00007c35      0x218 Libraries\FEHBattery.o
 .debug_line    0x00007e4d      0x349 Drivers\FEHXBee.o
 .debug_line    0x00008196      0x6fa Libraries\FEHRPS.o
 .debug_line    0x00008890      0x334 Libraries\FEHSD.o
 .debug_line    0x00008bc4       0x94 C:\fehqt\Proteus/EWL/lib/armv7e-m\libc.a(exit.o)
 .debug_line    0x00008c58       0x8f C:\fehqt\Proteus/EWL/lib/armv7e-m\libc.a(memset.o)
 .debug_line    0x00008ce7       0x89 C:\fehqt\Proteus/EWL/lib/armv7e-m\libc.a(strlen.o)
 .debug_line    0x00008d70      0x2c6 C:\fehqt\Proteus/EWL/lib/armv7e-m\libc.a(printformat_.o)
 .debug_line    0x00009036      0x2e3 C:\fehqt\Proteus/EWL/lib/armv7e-m\libc.a(scanformat_.o)
 .debug_line    0x00009319      0x1dd C:\fehqt\Proteus/EWL/lib/armv7e-m\libc.a(ctype_aeabi.o)
 .debug_line    0x000094f6      0x141 C:\fehqt\Proteus/EWL/lib/armv7e-m\libc.a(__strtoul.o)
 .debug_line    0x00009637      0x121 C:\fehqt\Proteus/EWL/lib/armv7e-m\libc.a(__filll_mem.o)
 .debug_line    0x00009758       0xa3 C:\fehqt\Proteus/EWL/lib/armv7e-m\libc.a(memchr.o)
 .debug_line    0x000097fb       0x84 C:\fehqt\Proteus/EWL/lib/armv7e-m\libc.a(strchr.o)
 .debug_line    0x0000987f       0x94 C:\fehqt\Proteus/EWL/lib/armv7e-m\librt.a(gcc_ctor_dtor.o)
 .debug_line    0x00009913       0xc0 C:\fehqt\Proteus/EWL/lib/armv7e-m\librt.a(ROMCopy.o)
 .debug_line    0x000099d3      0x119 C:\fehqt\Proteus/EWL/lib/armv7e-m\librt.a(__arm_eabi_init.o)

.debug_macinfo  0x00000000   0x7d56f9
 .debug_macinfo
                0x00000000    0x65fd4 ..\main.o
 .debug_macinfo
                0x00065fd4    0x647fb Startup\__arm_start.o
 .debug_macinfo
                0x000ca7cf     0x3464 Startup\__arm_end.o
 .debug_macinfo
                0x000cdc33    0x64cce Startup\kinetis_sysinit.o
 .debug_macinfo
                0x00132901    0x6318f Drivers\i2c.o
 .debug_macinfo
                0x00195a90    0x62fd6 Drivers\spi.o
 .debug_macinfo
                0x001f8a66    0x62fc7 Drivers\uart.o
 .debug_macinfo
                0x0025ba2d     0x4396 Drivers\ff.o
 .debug_macinfo
                0x0025fdc3    0x6452b Drivers\SDHC.o
 .debug_macinfo
                0x002c42ee    0x63036 Drivers\lptmr.o
 .debug_macinfo
                0x00327324    0x62fdc FEHProteus.o
 .debug_macinfo
                0x0038a300    0x63085 Drivers\FEHPropeller.o
 .debug_macinfo
                0x003ed385    0x62ff1 Libraries\FEHUtility.o
 .debug_macinfo
                0x00450376    0x64348 Libraries\FEHIO.o
 .debug_macinfo
                0x004b46be    0x63678 Drivers\adc16.o
 .debug_macinfo
                0x00517d36    0x6301e Libraries\FEHBuzzer.o
 .debug_macinfo
                0x0057ad54    0x649ab Libraries\FEHLCD.o
 .debug_macinfo
                0x005df6ff    0x631be Libraries\FEHAccel.o
 .debug_macinfo
                0x006428bd    0x636a3 Libraries\FEHBattery.o
 .debug_macinfo
                0x006a5f60    0x63d5d Drivers\FEHXBee.o
 .debug_macinfo
                0x00709cbd    0x661ab Libraries\FEHRPS.o
 .debug_macinfo
                0x0076fe68    0x65891 Libraries\FEHSD.o

.debug_str      0x00000000     0x4965
 .debug_str     0x00000000      0xc00 ..\main.o
                                0xc71 (size before relaxing)
 .debug_str     0x00000c00      0x3a5 Startup\__arm_start.o
                                0xe74 (size before relaxing)
 .debug_str     0x00000fa5       0x23 Startup\__arm_end.o
                                 0xc8 (size before relaxing)
 .debug_str     0x00000fc8      0x1df Startup\kinetis_sysinit.o
                                0x373 (size before relaxing)
 .debug_str     0x000011a7      0x11a Drivers\i2c.o
                                0x20c (size before relaxing)
 .debug_str     0x000012c1      0x18b Drivers\spi.o
                                0x3c8 (size before relaxing)
 .debug_str     0x0000144c      0x188 Drivers\uart.o
                                0x35d (size before relaxing)
 .debug_str     0x000015d4      0x6bb Drivers\ff.o
                                0x860 (size before relaxing)
 .debug_str     0x00001c8f      0x546 Drivers\SDHC.o
                                0x836 (size before relaxing)
 .debug_str     0x000021d5       0x5a Drivers\lptmr.o
                                0x213 (size before relaxing)
 .debug_str     0x0000222f       0x6c FEHProteus.o
                                0x262 (size before relaxing)
 .debug_str     0x0000229b       0x2a Drivers\FEHPropeller.o
                                0x3a0 (size before relaxing)
 .debug_str     0x000022c5       0xc0 Libraries\FEHUtility.o
                                0x1e7 (size before relaxing)
 .debug_str     0x00002385      0xfde Libraries\FEHIO.o
                               0x12b5 (size before relaxing)
 .debug_str     0x00003363       0xd7 Drivers\adc16.o
                                0x2a4 (size before relaxing)
 .debug_str     0x0000343a      0x1ba Libraries\FEHBuzzer.o
                                0x3b9 (size before relaxing)
 .debug_str     0x000035f4      0x471 Libraries\FEHLCD.o
                               0x1117 (size before relaxing)
 .debug_str     0x00003a65       0x68 Libraries\FEHAccel.o
                                0x1ab (size before relaxing)
 .debug_str     0x00003acd       0x5d Libraries\FEHBattery.o
                                0x36c (size before relaxing)
 .debug_str     0x00003b2a      0x1f6 Drivers\FEHXBee.o
                                0x552 (size before relaxing)
 .debug_str     0x00003d20      0x35e Libraries\FEHRPS.o
                               0x150c (size before relaxing)
 .debug_str     0x0000407e       0x75 Libraries\FEHSD.o
                                0xf37 (size before relaxing)
 .debug_str     0x000040f3       0x9a C:\fehqt\Proteus/EWL/lib/armv7e-m\libc.a(exit.o)
                                0x14e (size before relaxing)
 .debug_str     0x0000418d       0x1c C:\fehqt\Proteus/EWL/lib/armv7e-m\libc.a(memset.o)
                                0x140 (size before relaxing)
 .debug_str     0x000041a9       0x24 C:\fehqt\Proteus/EWL/lib/armv7e-m\libc.a(strlen.o)
                                0x140 (size before relaxing)
 .debug_str     0x000041cd      0x21a C:\fehqt\Proteus/EWL/lib/armv7e-m\libc.a(printformat_.o)
                                0x3aa (size before relaxing)
 .debug_str     0x000043e7      0x17b C:\fehqt\Proteus/EWL/lib/armv7e-m\libc.a(scanformat_.o)
                                0x3f0 (size before relaxing)
 .debug_str     0x00004562       0x9d C:\fehqt\Proteus/EWL/lib/armv7e-m\libc.a(ctype_aeabi.o)
                                0x1b3 (size before relaxing)
 .debug_str     0x000045ff       0x55 C:\fehqt\Proteus/EWL/lib/armv7e-m\libc.a(__strtoul.o)
                                0x1f2 (size before relaxing)
 .debug_str     0x00004654       0x25 C:\fehqt\Proteus/EWL/lib/armv7e-m\libc.a(__filll_mem.o)
                                0x152 (size before relaxing)
 .debug_str     0x00004679       0x1c C:\fehqt\Proteus/EWL/lib/armv7e-m\libc.a(memchr.o)
                                0x148 (size before relaxing)
 .debug_str     0x00004695       0x1c C:\fehqt\Proteus/EWL/lib/armv7e-m\libc.a(strchr.o)
                                0x137 (size before relaxing)
 .debug_str     0x000046b1      0x126 C:\fehqt\Proteus/EWL/lib/armv7e-m\librt.a(gcc_ctor_dtor.o)
                                0x185 (size before relaxing)
 .debug_str     0x000047d7       0x9b C:\fehqt\Proteus/EWL/lib/armv7e-m\librt.a(ROMCopy.o)
                                0x140 (size before relaxing)
 .debug_str     0x00004872       0xf3 C:\fehqt\Proteus/EWL/lib/armv7e-m\librt.a(__arm_eabi_init.o)
                                0x1ac (size before relaxing)

.comment        0x00000000       0x79
 .comment       0x00000000       0x79 ..\main.o
                                 0x7a (size before relaxing)
 .comment       0x00000000       0x7a Startup\__arm_start.o
 .comment       0x00000000       0x7a Startup\__arm_end.o
 .comment       0x00000000       0x7a Startup\kinetis_sysinit.o
 .comment       0x00000000       0x7a Drivers\i2c.o
 .comment       0x00000000       0x7a Drivers\spi.o
 .comment       0x00000000       0x7a Drivers\uart.o
 .comment       0x00000000       0x7a Drivers\ff.o
 .comment       0x00000000       0x7a Drivers\SDHC.o
 .comment       0x00000000       0x7a Drivers\lptmr.o
 .comment       0x00000000       0x7a FEHProteus.o
 .comment       0x00000000       0x7a Drivers\FEHPropeller.o
 .comment       0x00000000       0x7a Libraries\FEHUtility.o
 .comment       0x00000000       0x7a Libraries\FEHIO.o
 .comment       0x00000000       0x7a Drivers\adc16.o
 .comment       0x00000000       0x7a Libraries\FEHBuzzer.o
 .comment       0x00000000       0x7a Libraries\FEHLCD.o
 .comment       0x00000000       0x7a Libraries\FEHAccel.o
 .comment       0x00000000       0x7a Libraries\FEHBattery.o
 .comment       0x00000000       0x7a Drivers\FEHXBee.o
 .comment       0x00000000       0x7a Libraries\FEHRPS.o
 .comment       0x00000000       0x7a Libraries\FEHSD.o
 .comment       0x00000000       0x7a C:\fehqt\Proteus/EWL/lib/armv7e-m\libc.a(exit.o)
 .comment       0x00000000       0x7a C:\fehqt\Proteus/EWL/lib/armv7e-m\libc.a(memset.o)
 .comment       0x00000000       0x7a C:\fehqt\Proteus/EWL/lib/armv7e-m\libc.a(strlen.o)
 .comment       0x00000000       0x7a C:\fehqt\Proteus/EWL/lib/armv7e-m\libc.a(printformat_.o)
 .comment       0x00000000       0x7a C:\fehqt\Proteus/EWL/lib/armv7e-m\libc.a(scanformat_.o)
 .comment       0x00000000       0x7a C:\fehqt\Proteus/EWL/lib/armv7e-m\libc.a(ctype_aeabi.o)
 .comment       0x00000000       0x7a C:\fehqt\Proteus/EWL/lib/armv7e-m\libc.a(__strtoul.o)
 .comment       0x00000000       0x7a C:\fehqt\Proteus/EWL/lib/armv7e-m\libc.a(__filll_mem.o)
 .comment       0x00000000       0x7a C:\fehqt\Proteus/EWL/lib/armv7e-m\libc.a(memchr.o)
 .comment       0x00000000       0x7a C:\fehqt\Proteus/EWL/lib/armv7e-m\libc.a(strchr.o)
 .comment       0x00000000       0x7a C:\fehqt\Proteus/EWL/lib/armv7e-m\librt.a(gcc_ctor_dtor.o)
 .comment       0x00000000       0x7a C:\fehqt\Proteus/EWL/lib/armv7e-m\librt.a(ROMCopy.o)
 .comment       0x00000000       0x7a C:\fehqt\Proteus/EWL/lib/armv7e-m\librt.a(__arm_eabi_init.o)

.debug_frame    0x00000000     0x28b8
 .debug_frame   0x00000000      0x170 ..\main.o
 .debug_frame   0x00000170       0x98 Startup\__arm_start.o
 .debug_frame   0x00000208       0x2c Startup\__arm_end.o
 .debug_frame   0x00000234       0x5c Startup\kinetis_sysinit.o
 .debug_frame   0x00000290       0x88 Drivers\i2c.o
 .debug_frame   0x00000318       0xf8 Drivers\spi.o
 .debug_frame   0x00000410       0x84 Drivers\uart.o
 .debug_frame   0x00000494      0x5e8 Drivers\ff.o
 .debug_frame   0x00000a7c      0x1e8 Drivers\SDHC.o
 .debug_frame   0x00000c64       0x2c Drivers\lptmr.o
 .debug_frame   0x00000c90       0x4c FEHProteus.o
 .debug_frame   0x00000cdc       0xa8 Drivers\FEHPropeller.o
 .debug_frame   0x00000d84       0xf8 Libraries\FEHUtility.o
 .debug_frame   0x00000e7c      0x4e8 Libraries\FEHIO.o
 .debug_frame   0x00001364       0x64 Drivers\adc16.o
 .debug_frame   0x000013c8      0x1c8 Libraries\FEHBuzzer.o
 .debug_frame   0x00001590      0x9c0 Libraries\FEHLCD.o
 .debug_frame   0x00001f50       0xd8 Libraries\FEHAccel.o
 .debug_frame   0x00002028       0x8c Libraries\FEHBattery.o
 .debug_frame   0x000020b4       0xfc Drivers\FEHXBee.o
 .debug_frame   0x000021b0      0x22c Libraries\FEHRPS.o
 .debug_frame   0x000023dc       0xf0 Libraries\FEHSD.o
 .debug_frame   0x000024cc       0x28 C:\fehqt\Proteus/EWL/lib/armv7e-m\libc.a(exit.o)
 .debug_frame   0x000024f4       0x28 C:\fehqt\Proteus/EWL/lib/armv7e-m\libc.a(memset.o)
 .debug_frame   0x0000251c       0x20 C:\fehqt\Proteus/EWL/lib/armv7e-m\libc.a(strlen.o)
 .debug_frame   0x0000253c       0x64 C:\fehqt\Proteus/EWL/lib/armv7e-m\libc.a(printformat_.o)
 .debug_frame   0x000025a0       0x3c C:\fehqt\Proteus/EWL/lib/armv7e-m\libc.a(scanformat_.o)
 .debug_frame   0x000025dc       0xf0 C:\fehqt\Proteus/EWL/lib/armv7e-m\libc.a(ctype_aeabi.o)
 .debug_frame   0x000026cc       0x3c C:\fehqt\Proteus/EWL/lib/armv7e-m\libc.a(__strtoul.o)
 .debug_frame   0x00002708       0x2c C:\fehqt\Proteus/EWL/lib/armv7e-m\libc.a(__filll_mem.o)
 .debug_frame   0x00002734       0x28 C:\fehqt\Proteus/EWL/lib/armv7e-m\libc.a(memchr.o)
 .debug_frame   0x0000275c       0x20 C:\fehqt\Proteus/EWL/lib/armv7e-m\libc.a(strchr.o)
 .debug_frame   0x0000277c       0x48 C:\fehqt\Proteus/EWL/lib/armv7e-m\librt.a(gcc_ctor_dtor.o)
 .debug_frame   0x000027c4       0x48 C:\fehqt\Proteus/EWL/lib/armv7e-m\librt.a(ROMCopy.o)
 .debug_frame   0x0000280c       0xac C:\fehqt\Proteus/EWL/lib/armv7e-m\librt.a(__arm_eabi_init.o)
